Component: ARM Compiler 5.05 update 2 (build 169) Tool: armlink [4d0f33]

==============================================================================

Section Cross References

    main.o(i.advertising_init) refers to memcpya.o(.text) for __aeabi_memcpy4
    main.o(i.advertising_init) refers to memseta.o(.text) for __aeabi_memclr4
    main.o(i.advertising_init) refers to ble_advertising.o(i.ble_advertising_init) for ble_advertising_init
    main.o(i.advertising_init) refers to app_error.o(i.app_error_handler) for app_error_handler
    main.o(i.advertising_init) refers to main.o(.constdata) for .constdata
    main.o(i.advertising_init) refers to main.o(i.on_adv_evt) for on_adv_evt
    main.o(i.advertising_init) refers to main.o(i.main) for i.main
    main.o(i.assert_nrf_callback) refers to app_error.o(i.app_error_handler) for app_error_handler
    main.o(i.ble_evt_dispatch) refers to ble_conn_params.o(i.ble_conn_params_on_ble_evt) for ble_conn_params_on_ble_evt
    main.o(i.ble_evt_dispatch) refers to ble_nus.o(i.ble_nus_on_ble_evt) for ble_nus_on_ble_evt
    main.o(i.ble_evt_dispatch) refers to main.o(i.on_ble_evt) for on_ble_evt
    main.o(i.ble_evt_dispatch) refers to ble_advertising.o(i.ble_advertising_on_ble_evt) for ble_advertising_on_ble_evt
    main.o(i.ble_evt_dispatch) refers to bsp_btn_ble.o(i.bsp_btn_ble_on_ble_evt) for bsp_btn_ble_on_ble_evt
    main.o(i.ble_evt_dispatch) refers to main.o(.bss) for .bss
    main.o(i.ble_stack_init) refers to softdevice_handler.o(i.softdevice_handler_init) for softdevice_handler_init
    main.o(i.ble_stack_init) refers to app_error.o(i.app_error_handler) for app_error_handler
    main.o(i.ble_stack_init) refers to softdevice_handler.o(i.softdevice_enable_get_default_config) for softdevice_enable_get_default_config
    main.o(i.ble_stack_init) refers to softdevice_handler.o(i.softdevice_enable) for softdevice_enable
    main.o(i.ble_stack_init) refers to softdevice_handler.o(i.softdevice_ble_evt_handler_set) for softdevice_ble_evt_handler_set
    main.o(i.ble_stack_init) refers to main.o(.constdata) for .constdata
    main.o(i.ble_stack_init) refers to main.o(.bss) for .bss
    main.o(i.ble_stack_init) refers to main.o(i.main) for i.main
    main.o(i.ble_stack_init) refers to main.o(i.ble_evt_dispatch) for ble_evt_dispatch
    main.o(i.bsp_event_handler) refers to main.o(i.sleep_mode_enter) for sleep_mode_enter
    main.o(i.bsp_event_handler) refers to ble_advertising.o(i.ble_advertising_restart_without_whitelist) for ble_advertising_restart_without_whitelist
    main.o(i.bsp_event_handler) refers to app_error.o(i.app_error_handler) for app_error_handler
    main.o(i.bsp_event_handler) refers to main.o(.data) for .data
    main.o(i.conn_params_error_handler) refers to app_error.o(i.app_error_handler) for app_error_handler
    main.o(i.gap_params_init) refers to user_common_func.o(i.get_mac_addr) for get_mac_addr
    main.o(i.gap_params_init) refers to user_common_func.o(i.HexToStr) for HexToStr
    main.o(i.gap_params_init) refers to memcpya.o(.text) for __aeabi_memcpy
    main.o(i.gap_params_init) refers to strlen.o(.text) for strlen
    main.o(i.gap_params_init) refers to app_error.o(i.app_error_handler) for app_error_handler
    main.o(i.gap_params_init) refers to main.o(i.main) for i.main
    main.o(i.main) refers to app_timer.o(i.app_timer_init) for app_timer_init
    main.o(i.main) refers to app_error.o(i.app_error_handler) for app_error_handler
    main.o(i.main) refers to memcpya.o(.text) for __aeabi_memcpy4
    main.o(i.main) refers to app_uart_fifo.o(i.app_uart_init) for app_uart_init
    main.o(i.main) refers to bsp.o(i.bsp_init) for bsp_init
    main.o(i.main) refers to bsp_btn_ble.o(i.bsp_btn_ble_init) for bsp_btn_ble_init
    main.o(i.main) refers to main.o(i.ble_stack_init) for ble_stack_init
    main.o(i.main) refers to main.o(i.gap_params_init) for gap_params_init
    main.o(i.main) refers to ble_nus.o(i.ble_nus_init) for ble_nus_init
    main.o(i.main) refers to main.o(i.advertising_init) for advertising_init
    main.o(i.main) refers to memseta.o(.text) for __aeabi_memclr4
    main.o(i.main) refers to ble_conn_params.o(i.ble_conn_params_init) for ble_conn_params_init
    main.o(i.main) refers to printfb.o(i.__0printf$bare) for __2printf
    main.o(i.main) refers to ble_advertising.o(i.ble_advertising_start) for ble_advertising_start
    main.o(i.main) refers to main.o(.bss) for .bss
    main.o(i.main) refers to main.o(.constdata) for .constdata
    main.o(i.main) refers to main.o(i.uart_event_handle) for uart_event_handle
    main.o(i.main) refers to main.o(i.bsp_event_handler) for bsp_event_handler
    main.o(i.main) refers to main.o(i.nus_data_handler) for nus_data_handler
    main.o(i.main) refers to main.o(i.on_conn_params_evt) for on_conn_params_evt
    main.o(i.main) refers to main.o(i.conn_params_error_handler) for conn_params_error_handler
    main.o(i.nus_data_handler) refers to app_uart_fifo.o(i.app_uart_put) for app_uart_put
[...]
    ..\..\..\..\..\..\components\libraries\log\src\nrf_log_frontend.c 0x00000000   Number         0  nrf_log_frontend.o ABSOLUTE
    ..\..\..\..\..\..\components\libraries\timer\app_timer.c 0x00000000   Number         0  app_timer.o ABSOLUTE
    ..\..\..\..\..\..\components\libraries\uart\app_uart_fifo.c 0x00000000   Number         0  app_uart_fifo.o ABSOLUTE
    ..\..\..\..\..\..\components\libraries\uart\retarget.c 0x00000000   Number         0  retarget.o ABSOLUTE
    ..\..\..\..\..\..\components\libraries\util\app_error.c 0x00000000   Number         0  app_error.o ABSOLUTE
    ..\..\..\..\..\..\components\libraries\util\app_error_weak.c 0x00000000   Number         0  app_error_weak.o ABSOLUTE
    ..\..\..\..\..\..\components\libraries\util\app_util_platform.c 0x00000000   Number         0  app_util_platform.o ABSOLUTE
    ..\..\..\..\..\..\components\libraries\util\nrf_assert.c 0x00000000   Number         0  nrf_assert.o ABSOLUTE
    ..\..\..\..\..\..\components\libraries\util\sdk_errors.c 0x00000000   Number         0  sdk_errors.o ABSOLUTE
    ..\..\..\..\..\..\components\softdevice\common\softdevice_handler\softdevice_handler.c 0x00000000   Number         0  softdevice_handler.o ABSOLUTE
    ..\..\..\..\..\..\external\segger_rtt\RTT_Syscalls_KEIL.c 0x00000000   Number         0  rtt_syscalls_keil.o ABSOLUTE
    ..\..\..\..\..\..\external\segger_rtt\SEGGER_RTT.c 0x00000000   Number         0  segger_rtt.o ABSOLUTE
    ..\..\..\..\..\..\external\segger_rtt\SEGGER_RTT_printf.c 0x00000000   Number         0  segger_rtt_printf.o ABSOLUTE
    ..\..\..\main.c                          0x00000000   Number         0  main.o ABSOLUTE
    ..\\..\\..\\..\\..\\..\\components\\ble\\ble_advertising\\ble_advertising.c 0x00000000   Number         0  ble_advertising.o ABSOLUTE
    ..\\..\\..\\..\\..\\..\\components\\ble\\ble_services\\ble_nus\\ble_nus.c 0x00000000   Number         0  ble_nus.o ABSOLUTE
    ..\\..\\..\\..\\..\\..\\components\\ble\\common\\ble_advdata.c 0x00000000   Number         0  ble_advdata.o ABSOLUTE
    ..\\..\\..\\..\\..\\..\\components\\ble\\common\\ble_conn_params.c 0x00000000   Number         0  ble_conn_params.o ABSOLUTE
    ..\\..\\..\\..\\..\\..\\components\\ble\\common\\ble_srv_common.c 0x00000000   Number         0  ble_srv_common.o ABSOLUTE
    ..\\..\\..\\..\\..\\..\\components\\boards\\boards.c 0x00000000   Number         0  boards.o ABSOLUTE
    ..\\..\\..\\..\\..\\..\\components\\drivers_nrf\\clock\\nrf_drv_clock.c 0x00000000   Number         0  nrf_drv_clock.o ABSOLUTE
    ..\\..\\..\\..\\..\\..\\components\\drivers_nrf\\common\\nrf_drv_common.c 0x00000000   Number         0  nrf_drv_common.o ABSOLUTE
    ..\\..\\..\\..\\..\\..\\components\\drivers_nrf\\gpiote\\nrf_drv_gpiote.c 0x00000000   Number         0  nrf_drv_gpiote.o ABSOLUTE
    ..\\..\\..\\..\\..\\..\\components\\drivers_nrf\\uart\\nrf_drv_uart.c 0x00000000   Number         0  nrf_drv_uart.o ABSOLUTE
    ..\\..\\..\\..\\..\\..\\components\\libraries\\bsp\\bsp.c 0x00000000   Number         0  bsp.o ABSOLUTE
    ..\\..\\..\\..\\..\\..\\components\\libraries\\bsp\\bsp_btn_ble.c 0x00000000   Number         0  bsp_btn_ble.o ABSOLUTE
    ..\\..\\..\\..\\..\\..\\components\\libraries\\bsp\\bsp_nfc.c 0x00000000   Number         0  bsp_nfc.o ABSOLUTE
    ..\\..\\..\\..\\..\\..\\components\\libraries\\button\\app_button.c 0x00000000   Number         0  app_button.o ABSOLUTE
    ..\\..\\..\\..\\..\\..\\components\\libraries\\fifo\\app_fifo.c 0x00000000   Number         0  app_fifo.o ABSOLUTE
    ..\\..\\..\\..\\..\\..\\components\\libraries\\fstorage\\fstorage.c 0x00000000   Number         0  fstorage.o ABSOLUTE
    ..\\..\\..\\..\\..\\..\\components\\libraries\\hardfault\\hardfault_implementation.c 0x00000000   Number         0  hardfault_implementation.o ABSOLUTE
    ..\\..\\..\\..\\..\\..\\components\\libraries\\log\\src\\nrf_log_backend_serial.c 0x00000000   Number         0  nrf_log_backend_serial.o ABSOLUTE
    ..\\..\\..\\..\\..\\..\\components\\libraries\\log\\src\\nrf_log_frontend.c 0x00000000   Number         0  nrf_log_frontend.o ABSOLUTE
    ..\\..\\..\\..\\..\\..\\components\\libraries\\timer\\app_timer.c 0x00000000   Number         0  app_timer.o ABSOLUTE
    ..\\..\\..\\..\\..\\..\\components\\libraries\\uart\\app_uart_fifo.c 0x00000000   Number         0  app_uart_fifo.o ABSOLUTE
    ..\\..\\..\\..\\..\\..\\components\\libraries\\uart\\retarget.c 0x00000000   Number         0  retarget.o ABSOLUTE
    ..\\..\\..\\..\\..\\..\\components\\libraries\\util\\app_error.c 0x00000000   Number         0  app_error.o ABSOLUTE
    ..\\..\\..\\..\\..\\..\\components\\libraries\\util\\app_error_weak.c 0x00000000   Number         0  app_error_weak.o ABSOLUTE
    ..\\..\\..\\..\\..\\..\\components\\libraries\\util\\app_util_platform.c 0x00000000   Number         0  app_util_platform.o ABSOLUTE
    ..\\..\\..\\..\\..\\..\\components\\libraries\\util\\nrf_assert.c 0x00000000   Number         0  nrf_assert.o ABSOLUTE
    ..\\..\\..\\..\\..\\..\\components\\softdevice\\common\\softdevice_handler\\softdevice_handler.c 0x00000000   Number         0  softdevice_handler.o ABSOLUTE
    ..\\..\\..\\..\\..\\..\\external\\segger_rtt\\SEGGER_RTT.c 0x00000000   Number         0  segger_rtt.o ABSOLUTE
    ..\\..\\..\\main.c                       0x00000000   Number         0  main.o ABSOLUTE
    RTE\Device\nRF51422_xxAC\arm_startup_nrf51.s 0x00000000   Number         0  arm_startup_nrf51.o ABSOLUTE
    RTE\Device\nRF51422_xxAC\system_nrf51.c  0x00000000   Number         0  system_nrf51.o ABSOLUTE
    RTE\\Device\\nRF51422_xxAC\\system_nrf51.c 0x00000000   Number         0  system_nrf51.o ABSOLUTE
    User_Common_Func.c                       0x00000000   Number         0  user_common_func.o ABSOLUTE
    User_Common_Func.c                       0x00000000   Number         0  user_common_func.o ABSOLUTE
    cdrcmple.s                               0x00000000   Number         0  cdrcmple.o ABSOLUTE
    dc.s                                     0x00000000   Number         0  dc.o ABSOLUTE
    handlers.s                               0x00000000   Number         0  handlers.o ABSOLUTE
    init.s                                   0x00000000   Number         0  init.o ABSOLUTE
    RESET                                    0x0001b000   Section      192  arm_startup_nrf51.o(RESET)
    .ARM.Collect$$$$00000000                 0x0001b0c0   Section        0  entry.o(.ARM.Collect$$$$00000000)
    .ARM.Collect$$$$00000001                 0x0001b0c0   Section        4  entry2.o(.ARM.Collect$$$$00000001)
    .ARM.Collect$$$$00000004                 0x0001b0c4   Section        4  entry5.o(.ARM.Collect$$$$00000004)
    .ARM.Collect$$$$00000008                 0x0001b0c8   Section        0  entry7b.o(.ARM.Collect$$$$00000008)
    .ARM.Collect$$$$0000000A                 0x0001b0c8   Section        0  entry8b.o(.ARM.Collect$$$$0000000A)
    .ARM.Collect$$$$0000000B                 0x0001b0c8   Section        8  entry9a.o(.ARM.Collect$$$$0000000B)
    .ARM.Collect$$$$0000000D                 0x0001b0d0   Section        0  entry10a.o(.ARM.Collect$$$$0000000D)
    .ARM.Collect$$$$0000000F                 0x0001b0d0   Section        0  entry11a.o(.ARM.Collect$$$$0000000F)
    .ARM.Collect$$$$00002712                 0x0001b0d0   Section        4  entry2.o(.ARM.Collect$$$$00002712)
    __lit__00000000                          0x0001b0d0   Data           4  entry2.o(.ARM.Collect$$$$00002712)
    .text                                    0x0001b0d4   Section       56  arm_startup_nrf51.o(.text)
    .text                                    0x0001b10c   Section        0  uidiv.o(.text)
    .text                                    0x0001b138   Section        0  memcpya.o(.text)
    .text                                    0x0001b15c   Section        0  memseta.o(.text)
    .text                                    0x0001b180   Section        0  strlen.o(.text)
    .text                                    0x0001b190   Section       36  init.o(.text)
    i.GPIOTE_IRQHandler                      0x0001b1b4   Section        0  nrf_drv_gpiote.o(i.GPIOTE_IRQHandler)
    i.HexToStr                               0x0001b32c   Section        0  user_common_func.o(i.HexToStr)
    i.NVIC_SetPriority                       0x0001b398   Section        0  app_timer.o(i.NVIC_SetPriority)
    NVIC_SetPriority                         0x0001b399   Thumb Code    60  app_timer.o(i.NVIC_SetPriority)
    i.POWER_CLOCK_IRQHandler                 0x0001b3dc   Section        0  nrf_drv_clock.o(i.POWER_CLOCK_IRQHandler)
    i.RTC1_IRQHandler                        0x0001b430   Section        0  app_timer.o(i.RTC1_IRQHandler)
    i.SWI0_IRQHandler                        0x0001b450   Section        0  app_timer.o(i.SWI0_IRQHandler)
    i.SWI2_IRQHandler                        0x0001b458   Section        0  softdevice_handler.o(i.SWI2_IRQHandler)
    i.SystemInit                             0x0001b484   Section        0  system_nrf51.o(i.SystemInit)
    i.UART0_IRQHandler                       0x0001b524   Section        0  nrf_drv_uart.o(i.UART0_IRQHandler)
    i.__0printf$bare                         0x0001b538   Section        0  printfb.o(i.__0printf$bare)
    i.__ARM_common_switch8                   0x0001b54c   Section        0  bsp.o(i.__ARM_common_switch8)
    i.__scatterload_copy                     0x0001b566   Section       14  handlers.o(i.__scatterload_copy)
    i.__scatterload_null                     0x0001b574   Section        2  handlers.o(i.__scatterload_null)
    i.__scatterload_zeroinit                 0x0001b576   Section       14  handlers.o(i.__scatterload_zeroinit)
    i.__sd_nvic_app_accessible_irq           0x0001b584   Section        0  softdevice_handler.o(i.__sd_nvic_app_accessible_irq)
    __sd_nvic_app_accessible_irq             0x0001b585   Thumb Code    22  softdevice_handler.o(i.__sd_nvic_app_accessible_irq)
    i._printf_core                           0x0001b5a0   Section        0  printfb.o(i._printf_core)
    _printf_core                             0x0001b5a1   Thumb Code    30  printfb.o(i._printf_core)
    i.adv_data_encode                        0x0001b5be   Section        0  ble_advdata.o(i.adv_data_encode)
    i.adv_mode_next_avail_get                0x0001b74c   Section        0  ble_advertising.o(i.adv_mode_next_avail_get)
    adv_mode_next_avail_get                  0x0001b74d   Thumb Code    94  ble_advertising.o(i.adv_mode_next_avail_get)
    i.advertising_buttons_configure          0x0001b7b4   Section        0  bsp_btn_ble.o(i.advertising_buttons_configure)
    advertising_buttons_configure            0x0001b7b5   Thumb Code    60  bsp_btn_ble.o(i.advertising_buttons_configure)
    i.advertising_init                       0x0001b7f0   Section        0  main.o(i.advertising_init)
    advertising_init                         0x0001b7f1   Thumb Code   112  main.o(i.advertising_init)
    i.alert_timer_handler                    0x0001b874   Section        0  bsp.o(i.alert_timer_handler)
    alert_timer_handler                      0x0001b875   Thumb Code    10  bsp.o(i.alert_timer_handler)
    i.app_button_enable                      0x0001b880   Section        0  app_button.o(i.app_button_enable)
    i.app_button_init                        0x0001b8a4   Section        0  app_button.o(i.app_button_init)
    i.app_error_fault_handler                0x0001b918   Section        0  app_error_weak.o(i.app_error_fault_handler)
    i.app_error_handler                      0x0001b920   Section        0  app_error.o(i.app_error_handler)
    i.app_error_save_and_stop                0x0001b93c   Section        0  app_error.o(i.app_error_save_and_stop)
    i.app_fifo_get                           0x0001b9a0   Section        0  app_fifo.o(i.app_fifo_get)
    i.app_fifo_init                          0x0001b9b6   Section        0  app_fifo.o(i.app_fifo_init)
    i.app_fifo_put                           0x0001b9da   Section        0  app_fifo.o(i.app_fifo_put)
    i.app_timer_create                       0x0001b9f4   Section        0  app_timer.o(i.app_timer_create)
    i.app_timer_init                         0x0001ba20   Section        0  app_timer.o(i.app_timer_init)
    i.app_timer_start                        0x0001ba94   Section        0  app_timer.o(i.app_timer_start)
    i.app_timer_stop                         0x0001bb1c   Section        0  app_timer.o(i.app_timer_stop)
    i.app_uart_get                           0x0001bb44   Section        0  app_uart_fifo.o(i.app_uart_get)
    i.app_uart_init                          0x0001bbbc   Section        0  app_uart_fifo.o(i.app_uart_init)
    i.app_uart_put                           0x0001bc6c   Section        0  app_uart_fifo.o(i.app_uart_put)
    i.app_util_critical_region_enter         0x0001bcac   Section        0  app_util_platform.o(i.app_util_critical_region_enter)
    i.app_util_critical_region_exit          0x0001bce8   Section        0  app_util_platform.o(i.app_util_critical_region_exit)
    i.apply_config                           0x0001bd14   Section        0  nrf_drv_uart.o(i.apply_config)
    apply_config                             0x0001bd15   Thumb Code   128  nrf_drv_uart.o(i.apply_config)
    i.ble_advdata_set                        0x0001bd98   Section        0  ble_advdata.o(i.ble_advdata_set)
    i.ble_advertising_init                   0x0001be00   Section        0  ble_advertising.o(i.ble_advertising_init)
    i.ble_advertising_on_ble_evt             0x0001bf5c   Section        0  ble_advertising.o(i.ble_advertising_on_ble_evt)
    i.ble_advertising_restart_without_whitelist 0x0001bfb4   Section        0  ble_advertising.o(i.ble_advertising_restart_without_whitelist)
    i.ble_advertising_start                  0x0001bff0   Section        0  ble_advertising.o(i.ble_advertising_start)
    i.ble_conn_params_init                   0x0001c0f8   Section        0  ble_conn_params.o(i.ble_conn_params_init)
    i.ble_conn_params_on_ble_evt             0x0001c14c   Section        0  ble_conn_params.o(i.ble_conn_params_on_ble_evt)
    i.ble_device_addr_encode                 0x0001c1dc   Section        0  ble_advdata.o(i.ble_device_addr_encode)
    ble_device_addr_encode                   0x0001c1dd   Thumb Code    94  ble_advdata.o(i.ble_device_addr_encode)
    i.ble_evt_dispatch                       0x0001c23c   Section        0  main.o(i.ble_evt_dispatch)
    ble_evt_dispatch                         0x0001c23d   Thumb Code    36  main.o(i.ble_evt_dispatch)
    i.ble_nus_init                           0x0001c264   Section        0  ble_nus.o(i.ble_nus_init)
    i.ble_nus_on_ble_evt                     0x0001c2cc   Section        0  ble_nus.o(i.ble_nus_on_ble_evt)
    i.ble_nus_string_send                    0x0001c328   Section        0  ble_nus.o(i.ble_nus_string_send)
    i.ble_srv_is_notification_enabled        0x0001c37c   Section        0  ble_srv_common.o(i.ble_srv_is_notification_enabled)
    i.ble_stack_init                         0x0001c38c   Section        0  main.o(i.ble_stack_init)
    ble_stack_init                           0x0001c38d   Thumb Code   104  main.o(i.ble_stack_init)
    i.bsp_board_button_idx_to_pin            0x0001c404   Section        0  boards.o(i.bsp_board_button_idx_to_pin)
    i.bsp_board_button_state_get             0x0001c410   Section        0  boards.o(i.bsp_board_button_state_get)
    i.bsp_board_led_invert                   0x0001c430   Section        0  boards.o(i.bsp_board_led_invert)
    i.bsp_board_led_off                      0x0001c450   Section        0  boards.o(i.bsp_board_led_off)
    i.bsp_board_led_on                       0x0001c464   Section        0  boards.o(i.bsp_board_led_on)
    i.bsp_board_led_state_get                0x0001c478   Section        0  boards.o(i.bsp_board_led_state_get)
    i.bsp_board_leds_init                    0x0001c498   Section        0  boards.o(i.bsp_board_leds_init)
    i.bsp_board_leds_off                     0x0001c4c0   Section        0  boards.o(i.bsp_board_leds_off)
    i.bsp_board_leds_on                      0x0001c4d2   Section        0  boards.o(i.bsp_board_leds_on)
    i.bsp_board_pin_to_button_idx            0x0001c4e4   Section        0  boards.o(i.bsp_board_pin_to_button_idx)
    i.bsp_btn_ble_init                       0x0001c508   Section        0  bsp_btn_ble.o(i.bsp_btn_ble_init)
    i.bsp_btn_ble_on_ble_evt                 0x0001c548   Section        0  bsp_btn_ble.o(i.bsp_btn_ble_on_ble_evt)
    i.bsp_btn_ble_sleep_mode_prepare         0x0001c5c0   Section        0  bsp_btn_ble.o(i.bsp_btn_ble_sleep_mode_prepare)
    i.bsp_button_event_handler               0x0001c5e4   Section        0  bsp.o(i.bsp_button_event_handler)
    bsp_button_event_handler                 0x0001c5e5   Thumb Code   134  bsp.o(i.bsp_button_event_handler)
    i.bsp_button_is_pressed                  0x0001c678   Section        0  bsp.o(i.bsp_button_is_pressed)
    i.bsp_event_handler                      0x0001c680   Section        0  main.o(i.bsp_event_handler)
    i.bsp_event_to_button_action_assign      0x0001c6e4   Section        0  bsp.o(i.bsp_event_to_button_action_assign)
    i.bsp_indication_set                     0x0001c72c   Section        0  bsp.o(i.bsp_indication_set)
    i.bsp_init                               0x0001c748   Section        0  bsp.o(i.bsp_init)
    i.bsp_led_indication                     0x0001c7e0   Section        0  bsp.o(i.bsp_led_indication)
    bsp_led_indication                       0x0001c7e1   Thumb Code   376  bsp.o(i.bsp_led_indication)
    i.bsp_wakeup_button_enable               0x0001c960   Section        0  bsp.o(i.bsp_wakeup_button_enable)
    i.button_timer_handler                   0x0001c970   Section        0  bsp.o(i.button_timer_handler)
    button_timer_handler                     0x0001c971   Thumb Code    12  bsp.o(i.button_timer_handler)
    i.channel_free                           0x0001c97c   Section        0  nrf_drv_gpiote.o(i.channel_free)
    channel_free                             0x0001c97d   Thumb Code    22  nrf_drv_gpiote.o(i.channel_free)
    i.channel_port_alloc                     0x0001c998   Section        0  nrf_drv_gpiote.o(i.channel_port_alloc)
    channel_port_alloc                       0x0001c999   Thumb Code    66  nrf_drv_gpiote.o(i.channel_port_alloc)
    i.channel_port_get                       0x0001c9e0   Section        0  nrf_drv_gpiote.o(i.channel_port_get)
    channel_port_get                         0x0001c9e1   Thumb Code    10  nrf_drv_gpiote.o(i.channel_port_get)
    i.clock_clk_started_notify               0x0001c9f0   Section        0  nrf_drv_clock.o(i.clock_clk_started_notify)
    clock_clk_started_notify                 0x0001c9f1   Thumb Code    34  nrf_drv_clock.o(i.clock_clk_started_notify)
    i.compare_reg_update                     0x0001ca18   Section        0  app_timer.o(i.compare_reg_update)
    compare_reg_update                       0x0001ca19   Thumb Code   142  app_timer.o(i.compare_reg_update)
    i.conn_int_encode                        0x0001cac0   Section        0  ble_advdata.o(i.conn_int_encode)
    conn_int_encode                          0x0001cac1   Thumb Code   130  ble_advdata.o(i.conn_int_encode)
    i.conn_params_error_handler              0x0001cb48   Section        0  main.o(i.conn_params_error_handler)
    conn_params_error_handler                0x0001cb49   Thumb Code    12  main.o(i.conn_params_error_handler)
    i.conn_params_negotiation                0x0001cb64   Section        0  ble_conn_params.o(i.conn_params_negotiation)
    conn_params_negotiation                  0x0001cb65   Thumb Code    92  ble_conn_params.o(i.conn_params_negotiation)
    i.detection_delay_timeout_handler        0x0001cbcc   Section        0  app_button.o(i.detection_delay_timeout_handler)
    detection_delay_timeout_handler          0x0001cbcd   Thumb Code    90  app_button.o(i.detection_delay_timeout_handler)
    i.elapsed_ticks_acquire                  0x0001cc2c   Section        0  app_timer.o(i.elapsed_ticks_acquire)
    elapsed_ticks_acquire                    0x0001cc2d   Thumb Code    58  app_timer.o(i.elapsed_ticks_acquire)
    i.fifo_get                               0x0001cc6c   Section        0  app_fifo.o(i.fifo_get)
    fifo_get                                 0x0001cc6d   Thumb Code    20  app_fifo.o(i.fifo_get)
    i.fifo_put                               0x0001cc80   Section        0  app_fifo.o(i.fifo_put)
    fifo_put                                 0x0001cc81   Thumb Code    18  app_fifo.o(i.fifo_put)
    i.fputc                                  0x0001cc92   Section        0  retarget.o(i.fputc)
    i.fs_queued_op_count_get                 0x0001cca0   Section        0  fstorage.o(i.fs_queued_op_count_get)
    i.gap_params_init                        0x0001ccb8   Section        0  main.o(i.gap_params_init)
    gap_params_init                          0x0001ccb9   Thumb Code   126  main.o(i.gap_params_init)
    i.get_mac_addr                           0x0001cd4c   Section        0  user_common_func.o(i.get_mac_addr)
    i.gpiote_event_handler                   0x0001cd8c   Section        0  app_button.o(i.gpiote_event_handler)
    gpiote_event_handler                     0x0001cd8d   Thumb Code    72  app_button.o(i.gpiote_event_handler)
    i.intern_softdevice_events_execute       0x0001cddc   Section        0  softdevice_handler.o(i.intern_softdevice_events_execute)
    i.is_conn_params_ok                      0x0001ce68   Section        0  ble_conn_params.o(i.is_conn_params_ok)
    is_conn_params_ok                        0x0001ce69   Thumb Code    24  ble_conn_params.o(i.is_conn_params_ok)
    i.is_manual_peripheral_setup_needed      0x0001ce84   Section        0  system_nrf51.o(i.is_manual_peripheral_setup_needed)
    is_manual_peripheral_setup_needed        0x0001ce85   Thumb Code    66  system_nrf51.o(i.is_manual_peripheral_setup_needed)
    i.leds_timer_handler                     0x0001cecc   Section        0  bsp.o(i.leds_timer_handler)
    leds_timer_handler                       0x0001cecd   Thumb Code    18  bsp.o(i.leds_timer_handler)
    i.list_deletions_handler                 0x0001cee4   Section        0  app_timer.o(i.list_deletions_handler)
    list_deletions_handler                   0x0001cee5   Thumb Code   162  app_timer.o(i.list_deletions_handler)
    i.list_insertions_handler                0x0001cf90   Section        0  app_timer.o(i.list_insertions_handler)
    list_insertions_handler                  0x0001cf91   Thumb Code   178  app_timer.o(i.list_insertions_handler)
    i.main                                   0x0001d04c   Section        0  main.o(i.main)
    i.manuf_specific_data_encode             0x0001d1c4   Section        0  ble_advdata.o(i.manuf_specific_data_encode)
    manuf_specific_data_encode               0x0001d1c5   Thumb Code   104  ble_advdata.o(i.manuf_specific_data_encode)
    i.name_encode                            0x0001d22c   Section        0  ble_advdata.o(i.name_encode)
    name_encode                              0x0001d22d   Thumb Code   158  ble_advdata.o(i.name_encode)
    i.nrf_bitmask_bit_is_set                 0x0001d2ca   Section        0  nrf_drv_gpiote.o(i.nrf_bitmask_bit_is_set)
    nrf_bitmask_bit_is_set                   0x0001d2cb   Thumb Code    16  nrf_drv_gpiote.o(i.nrf_bitmask_bit_is_set)
    i.nrf_clock_event_check                  0x0001d2da   Section        0  nrf_drv_clock.o(i.nrf_clock_event_check)
    nrf_clock_event_check                    0x0001d2db   Thumb Code    16  nrf_drv_clock.o(i.nrf_clock_event_check)
    i.nrf_delay_us                           0x0001d2ec   Section        0  app_timer.o(i.nrf_delay_us)
    nrf_delay_us                             0x0001d2ed   Thumb Code    38  app_timer.o(i.nrf_delay_us)
    i.nrf_drv_clock_init                     0x0001d31c   Section        0  nrf_drv_clock.o(i.nrf_drv_clock_init)
    i.nrf_drv_clock_on_sd_enable             0x0001d364   Section        0  nrf_drv_clock.o(i.nrf_drv_clock_on_sd_enable)
    i.nrf_drv_clock_on_soc_event             0x0001d398   Section        0  nrf_drv_clock.o(i.nrf_drv_clock_on_soc_event)
    i.nrf_drv_common_irq_enable              0x0001d3a4   Section        0  nrf_drv_common.o(i.nrf_drv_common_irq_enable)
    i.nrf_drv_gpiote_in_event_enable         0x0001d404   Section        0  nrf_drv_gpiote.o(i.nrf_drv_gpiote_in_event_enable)
    i.nrf_drv_gpiote_in_init                 0x0001d49c   Section        0  nrf_drv_gpiote.o(i.nrf_drv_gpiote_in_init)
    i.nrf_drv_gpiote_in_is_set               0x0001d544   Section        0  nrf_drv_gpiote.o(i.nrf_drv_gpiote_in_is_set)
    i.nrf_drv_gpiote_init                    0x0001d558   Section        0  nrf_drv_gpiote.o(i.nrf_drv_gpiote_init)
    i.nrf_drv_gpiote_is_init                 0x0001d5b4   Section        0  nrf_drv_gpiote.o(i.nrf_drv_gpiote_is_init)
    i.nrf_drv_uart_init                      0x0001d5c4   Section        0  nrf_drv_uart.o(i.nrf_drv_uart_init)
    i.nrf_drv_uart_rx                        0x0001d644   Section        0  nrf_drv_uart.o(i.nrf_drv_uart_rx)
    i.nrf_drv_uart_rx_enable                 0x0001d6a0   Section        0  nrf_drv_uart.o(i.nrf_drv_uart_rx_enable)
    i.nrf_drv_uart_rx_for_uart               0x0001d6cc   Section        0  nrf_drv_uart.o(i.nrf_drv_uart_rx_for_uart)
    nrf_drv_uart_rx_for_uart                 0x0001d6cd   Thumb Code   164  nrf_drv_uart.o(i.nrf_drv_uart_rx_for_uart)
    i.nrf_drv_uart_tx                        0x0001d774   Section        0  nrf_drv_uart.o(i.nrf_drv_uart_tx)
    i.nrf_drv_uart_tx_for_uart               0x0001d7a8   Section        0  nrf_drv_uart.o(i.nrf_drv_uart_tx_for_uart)
    nrf_drv_uart_tx_for_uart                 0x0001d7a9   Thumb Code   134  nrf_drv_uart.o(i.nrf_drv_uart_tx_for_uart)
    i.nrf_drv_uart_tx_in_progress            0x0001d834   Section        0  nrf_drv_uart.o(i.nrf_drv_uart_tx_in_progress)
    i.nrf_gpio_cfg                           0x0001d84c   Section        0  boards.o(i.nrf_gpio_cfg)
    nrf_gpio_cfg                             0x0001d84d   Thumb Code    40  boards.o(i.nrf_gpio_cfg)
    i.nrf_gpio_cfg                           0x0001d874   Section        0  nrf_drv_gpiote.o(i.nrf_gpio_cfg)
    nrf_gpio_cfg                             0x0001d875   Thumb Code    40  nrf_drv_gpiote.o(i.nrf_gpio_cfg)
    i.nrf_gpio_cfg                           0x0001d89c   Section        0  nrf_drv_uart.o(i.nrf_gpio_cfg)
    nrf_gpio_cfg                             0x0001d89d   Thumb Code    40  nrf_drv_uart.o(i.nrf_gpio_cfg)
    i.nrf_gpio_cfg_input                     0x0001d8c4   Section        0  nrf_drv_uart.o(i.nrf_gpio_cfg_input)
    nrf_gpio_cfg_input                       0x0001d8c5   Thumb Code    18  nrf_drv_uart.o(i.nrf_gpio_cfg_input)
    i.nrf_gpio_cfg_output                    0x0001d8d6   Section        0  nrf_drv_uart.o(i.nrf_gpio_cfg_output)
    nrf_gpio_cfg_output                      0x0001d8d7   Thumb Code    20  nrf_drv_uart.o(i.nrf_gpio_cfg_output)
    i.nrf_gpio_cfg_sense_set                 0x0001d8ea   Section        0  bsp.o(i.nrf_gpio_cfg_sense_set)
    nrf_gpio_cfg_sense_set                   0x0001d8eb   Thumb Code    34  bsp.o(i.nrf_gpio_cfg_sense_set)
    i.nrf_gpio_cfg_sense_set                 0x0001d90c   Section        0  nrf_drv_gpiote.o(i.nrf_gpio_cfg_sense_set)
    nrf_gpio_cfg_sense_set                   0x0001d90d   Thumb Code    34  nrf_drv_gpiote.o(i.nrf_gpio_cfg_sense_set)
    i.nrf_gpio_pin_write                     0x0001d930   Section        0  boards.o(i.nrf_gpio_pin_write)
    nrf_gpio_pin_write                       0x0001d931   Thumb Code    18  boards.o(i.nrf_gpio_pin_write)
    i.nrf_gpio_ports_read                    0x0001d948   Section        0  nrf_drv_gpiote.o(i.nrf_gpio_ports_read)
    nrf_gpio_ports_read                      0x0001d949   Thumb Code    36  nrf_drv_gpiote.o(i.nrf_gpio_ports_read)
    i.nrf_gpiote_event_clear                 0x0001d970   Section        0  nrf_drv_gpiote.o(i.nrf_gpiote_event_clear)
    nrf_gpiote_event_clear                   0x0001d971   Thumb Code    10  nrf_drv_gpiote.o(i.nrf_gpiote_event_clear)
    i.nrf_gpiote_event_is_set                0x0001d980   Section        0  nrf_drv_gpiote.o(i.nrf_gpiote_event_is_set)
    nrf_gpiote_event_is_set                  0x0001d981   Thumb Code    14  nrf_drv_gpiote.o(i.nrf_gpiote_event_is_set)
    i.nrf_uart_event_check                   0x0001d994   Section        0  nrf_drv_uart.o(i.nrf_uart_event_check)
    nrf_uart_event_check                     0x0001d995   Thumb Code    10  nrf_drv_uart.o(i.nrf_uart_event_check)
    i.nrf_uart_int_enable_check              0x0001d99e   Section        0  nrf_drv_uart.o(i.nrf_uart_int_enable_check)
    nrf_uart_int_enable_check                0x0001d99f   Thumb Code    16  nrf_drv_uart.o(i.nrf_uart_int_enable_check)
    i.nus_data_handler                       0x0001d9ae   Section        0  main.o(i.nus_data_handler)
    nus_data_handler                         0x0001d9af   Thumb Code    48  main.o(i.nus_data_handler)
    i.on_adv_evt                             0x0001d9e0   Section        0  main.o(i.on_adv_evt)
    on_adv_evt                               0x0001d9e1   Thumb Code    38  main.o(i.on_adv_evt)
    i.on_ble_evt                             0x0001da18   Section        0  main.o(i.on_ble_evt)
    on_ble_evt                               0x0001da19   Thumb Code   270  main.o(i.on_ble_evt)
    i.on_conn_params_evt                     0x0001db3c   Section        0  main.o(i.on_conn_params_evt)
    on_conn_params_evt                       0x0001db3d   Thumb Code    30  main.o(i.on_conn_params_evt)
    i.pin_in_use_by_port                     0x0001db70   Section        0  nrf_drv_gpiote.o(i.pin_in_use_by_port)
    pin_in_use_by_port                       0x0001db71   Thumb Code    20  nrf_drv_gpiote.o(i.pin_in_use_by_port)
    i.pin_in_use_by_te                       0x0001db88   Section        0  nrf_drv_gpiote.o(i.pin_in_use_by_te)
    pin_in_use_by_te                         0x0001db89   Thumb Code    20  nrf_drv_gpiote.o(i.pin_in_use_by_te)
    i.rtc1_stop                              0x0001dba0   Section        0  app_timer.o(i.rtc1_stop)
    rtc1_stop                                0x0001dba1   Thumb Code    50  app_timer.o(i.rtc1_stop)
    i.rx_byte                                0x0001dbe4   Section        0  nrf_drv_uart.o(i.rx_byte)
    rx_byte                                  0x0001dbe5   Thumb Code    38  nrf_drv_uart.o(i.rx_byte)
    i.rx_char_add                            0x0001dc0a   Section        0  ble_nus.o(i.rx_char_add)
    rx_char_add                              0x0001dc0b   Thumb Code   158  ble_nus.o(i.rx_char_add)
    i.rx_done_event                          0x0001dca8   Section        0  nrf_drv_uart.o(i.rx_done_event)
    rx_done_event                            0x0001dca9   Thumb Code    20  nrf_drv_uart.o(i.rx_done_event)
    i.rx_enable                              0x0001dcbc   Section        0  nrf_drv_uart.o(i.rx_enable)
    rx_enable                                0x0001dcbd   Thumb Code    26  nrf_drv_uart.o(i.rx_enable)
    i.sd_nvic_EnableIRQ                      0x0001dcd8   Section        0  softdevice_handler.o(i.sd_nvic_EnableIRQ)
    sd_nvic_EnableIRQ                        0x0001dcd9   Thumb Code   112  softdevice_handler.o(i.sd_nvic_EnableIRQ)
    i.service_data_encode                    0x0001dd5c   Section        0  ble_advdata.o(i.service_data_encode)
    service_data_encode                      0x0001dd5d   Thumb Code   142  ble_advdata.o(i.service_data_encode)
    i.set_adv_mode_fast                      0x0001ddec   Section        0  ble_advertising.o(i.set_adv_mode_fast)
    set_adv_mode_fast                        0x0001dded   Thumb Code    80  ble_advertising.o(i.set_adv_mode_fast)
    i.set_adv_mode_slow                      0x0001de44   Section        0  ble_advertising.o(i.set_adv_mode_slow)
    set_adv_mode_slow                        0x0001de45   Thumb Code    76  ble_advertising.o(i.set_adv_mode_slow)
    i.sleep_mode_enter                       0x0001de98   Section        0  main.o(i.sleep_mode_enter)
    sleep_mode_enter                         0x0001de99   Thumb Code    58  main.o(i.sleep_mode_enter)
    i.softdevice_ble_evt_handler_set         0x0001dee4   Section        0  softdevice_handler.o(i.softdevice_ble_evt_handler_set)
    i.softdevice_enable                      0x0001def8   Section        0  softdevice_handler.o(i.softdevice_enable)
    i.softdevice_enable_get_default_config   0x0001df0c   Section        0  softdevice_handler.o(i.softdevice_enable_get_default_config)
    i.softdevice_fault_handler               0x0001df34   Section        0  softdevice_handler.o(i.softdevice_fault_handler)
    i.softdevice_handler_init                0x0001df3c   Section        0  softdevice_handler.o(i.softdevice_handler_init)
    i.softdevice_handler_is_enabled          0x0001df94   Section        0  softdevice_handler.o(i.softdevice_handler_is_enabled)
    i.timer_list_handler                     0x0001dfa0   Section        0  app_timer.o(i.timer_list_handler)
    timer_list_handler                       0x0001dfa1   Thumb Code   128  app_timer.o(i.timer_list_handler)
    i.timer_list_handler_sched               0x0001e024   Section        0  app_timer.o(i.timer_list_handler_sched)
    timer_list_handler_sched                 0x0001e025   Thumb Code    10  app_timer.o(i.timer_list_handler_sched)
    i.timer_list_insert                      0x0001e034   Section        0  app_timer.o(i.timer_list_insert)
    timer_list_insert                        0x0001e035   Thumb Code    60  app_timer.o(i.timer_list_insert)
    i.timer_stop_op_schedule                 0x0001e074   Section        0  app_timer.o(i.timer_stop_op_schedule)
    timer_stop_op_schedule                   0x0001e075   Thumb Code    68  app_timer.o(i.timer_stop_op_schedule)
    i.timer_timeouts_check                   0x0001e0bc   Section        0  app_timer.o(i.timer_timeouts_check)
    timer_timeouts_check                     0x0001e0bd   Thumb Code   124  app_timer.o(i.timer_timeouts_check)
    i.tx_byte                                0x0001e17c   Section        0  nrf_drv_uart.o(i.tx_byte)
    tx_byte                                  0x0001e17d   Thumb Code    30  nrf_drv_uart.o(i.tx_byte)
    i.tx_char_add                            0x0001e19a   Section        0  ble_nus.o(i.tx_char_add)
    tx_char_add                              0x0001e19b   Thumb Code   128  ble_nus.o(i.tx_char_add)
    i.tx_done_event                          0x0001e21a   Section        0  nrf_drv_uart.o(i.tx_done_event)
    tx_done_event                            0x0001e21b   Thumb Code    24  nrf_drv_uart.o(i.tx_done_event)
    i.uart_event_handle                      0x0001e234   Section        0  main.o(i.uart_event_handle)
    i.uart_event_handler                     0x0001e2bc   Section        0  app_uart_fifo.o(i.uart_event_handler)
    uart_event_handler                       0x0001e2bd   Thumb Code   158  app_uart_fifo.o(i.uart_event_handler)
    i.uart_irq_handler                       0x0001e364   Section        0  nrf_drv_uart.o(i.uart_irq_handler)
    uart_irq_handler                         0x0001e365   Thumb Code   296  nrf_drv_uart.o(i.uart_irq_handler)
    i.uint16_encode                          0x0001e48c   Section        0  ble_advdata.o(i.uint16_encode)
    uint16_encode                            0x0001e48d   Thumb Code    10  ble_advdata.o(i.uint16_encode)
    i.update_timeout_handler                 0x0001e498   Section        0  ble_conn_params.o(i.update_timeout_handler)
    update_timeout_handler                   0x0001e499   Thumb Code    86  ble_conn_params.o(i.update_timeout_handler)
    i.user_op_alloc                          0x0001e4fc   Section        0  app_timer.o(i.user_op_alloc)
    user_op_alloc                            0x0001e4fd   Thumb Code    40  app_timer.o(i.user_op_alloc)
    i.uuid_list_encode                       0x0001e528   Section        0  ble_advdata.o(i.uuid_list_encode)
    uuid_list_encode                         0x0001e529   Thumb Code    48  ble_advdata.o(i.uuid_list_encode)
    i.uuid_list_sized_encode                 0x0001e558   Section        0  ble_advdata.o(i.uuid_list_sized_encode)
    uuid_list_sized_encode                   0x0001e559   Thumb Code   174  ble_advdata.o(i.uuid_list_sized_encode)
    i.whitelist_has_entries                  0x0001e608   Section        0  ble_advertising.o(i.whitelist_has_entries)
    whitelist_has_entries                    0x0001e609   Thumb Code    18  ble_advertising.o(i.whitelist_has_entries)
    .constdata                               0x0001e620   Section       45  main.o(.constdata)
    .constdata                               0x0001e64d   Section        8  boards.o(.constdata)
    m_board_led_list                         0x0001e64d   Data           4  boards.o(.constdata)
    m_board_btn_list                         0x0001e651   Data           4  boards.o(.constdata)
    .constdata                               0x0001e658   Section       44  bsp.o(.constdata)
    m_leds_timer_id                          0x0001e658   Data           4  bsp.o(.constdata)
    m_alert_timer_id                         0x0001e65c   Data           4  bsp.o(.constdata)
    m_button_timer_id                        0x0001e660   Data           4  bsp.o(.constdata)
    app_buttons                              0x0001e664   Data          32  bsp.o(.constdata)
    .constdata                               0x0001e684   Section        4  ble_conn_params.o(.constdata)
    m_conn_params_timer_id                   0x0001e684   Data           4  ble_conn_params.o(.constdata)
    .constdata                               0x0001e688   Section       16  ble_nus.o(.constdata)
    .constdata                               0x0001e698   Section        4  nrf_drv_gpiote.o(.constdata)
    .constdata                               0x0001e69c   Section        8  app_button.o(.constdata)
    m_detection_delay_timer_id               0x0001e69c   Data           4  app_button.o(.constdata)
    .constdata                               0x0001e6a4   Section       32  app_uart_fifo.o(.constdata)
    .conststring                             0x0001e6c4   Section       87  softdevice_handler.o(.conststring)
    .data                                    0x20001fe8   Section        4  main.o(.data)
    index                                    0x20001fe8   Data           1  main.o(.data)
    m_conn_handle                            0x20001fea   Data           2  main.o(.data)
    .data                                    0x20001fec   Section       20  bsp.o(.data)
    m_stable_state                           0x20001fec   Data           1  bsp.o(.data)
    m_leds_clear                             0x20001fed   Data           1  bsp.o(.data)
    current_long_push_pin_no                 0x20001fee   Data           1  bsp.o(.data)
    m_app_ticks_per_100ms                    0x20001ff0   Data           4  bsp.o(.data)
    m_indication_type                        0x20001ff4   Data           4  bsp.o(.data)
    m_registered_callback                    0x20001ff8   Data           4  bsp.o(.data)
    release_event_at_push                    0x20001ffc   Data           4  bsp.o(.data)
    .data                                    0x20002000   Section        8  bsp_btn_ble.o(.data)
    m_error_handler                          0x20002000   Data           4  bsp_btn_ble.o(.data)
    m_num_connections                        0x20002004   Data           4  bsp_btn_ble.o(.data)
    .data                                    0x20002008   Section       48  ble_advertising.o(.data)
    m_initialized                            0x20002008   Data           1  ble_advertising.o(.data)
    m_advertising_start_pending              0x20002009   Data           1  ble_advertising.o(.data)
    m_adv_evt                                0x2000200a   Data           1  ble_advertising.o(.data)
    m_adv_mode_current                       0x2000200b   Data           1  ble_advertising.o(.data)
    m_peer_addr_reply_expected               0x2000200c   Data           1  ble_advertising.o(.data)
    m_whitelist_temporarily_disabled         0x2000200d   Data           1  ble_advertising.o(.data)
    m_whitelist_reply_expected               0x2000200e   Data           1  ble_advertising.o(.data)
    m_current_slave_link_conn_handle         0x20002010   Data           2  ble_advertising.o(.data)
    m_slave_conn_int                         0x20002012   Data           4  ble_advertising.o(.data)
    m_evt_handler                            0x20002018   Data           4  ble_advertising.o(.data)
    m_error_handler                          0x2000201c   Data           4  ble_advertising.o(.data)
    m_peer_address                           0x20002020   Data           7  ble_advertising.o(.data)
    m_whitelist                              0x20002028   Data          16  ble_advertising.o(.data)
    .data                                    0x20002038   Section       20  ble_conn_params.o(.data)
    m_change_param                           0x20002038   Data           1  ble_conn_params.o(.data)
    m_update_count                           0x20002039   Data           1  ble_conn_params.o(.data)
    m_conn_handle                            0x2000203a   Data           2  ble_conn_params.o(.data)
    m_preferred_conn_params                  0x2000203c   Data           8  ble_conn_params.o(.data)
    m_current_conn_params                    0x20002044   Data           8  ble_conn_params.o(.data)
    .data                                    0x2000204c   Section       20  app_button.o(.data)
    m_button_count                           0x2000204c   Data           1  app_button.o(.data)
    mp_buttons                               0x20002050   Data           4  app_button.o(.data)
    m_detection_delay                        0x20002054   Data           4  app_button.o(.data)
    m_pin_state                              0x20002058   Data           4  app_button.o(.data)
    m_pin_transition                         0x2000205c   Data           4  app_button.o(.data)
    .data                                    0x20002060   Section       32  app_timer.o(.data)
    m_ticks_elapsed_q_read_ind               0x20002060   Data           1  app_timer.o(.data)
    m_ticks_elapsed_q_write_ind              0x20002061   Data           1  app_timer.o(.data)
    m_rtc1_running                           0x20002062   Data           1  app_timer.o(.data)
    m_rtc1_reset                             0x20002063   Data           1  app_timer.o(.data)
    mp_timer_id_head                         0x20002064   Data           4  app_timer.o(.data)
    m_ticks_latest                           0x20002068   Data           4  app_timer.o(.data)
    m_evt_schedule_func                      0x2000206c   Data           4  app_timer.o(.data)
    m_op_queue                               0x20002070   Data           8  app_timer.o(.data)
    m_ticks_elapsed                          0x20002078   Data           8  app_timer.o(.data)
    .data                                    0x20002080   Section       16  app_uart_fifo.o(.data)
    tx_buffer                                0x20002080   Data           1  app_uart_fifo.o(.data)
    rx_buffer                                0x20002081   Data           1  app_uart_fifo.o(.data)
    m_rx_ovf                                 0x20002082   Data           1  app_uart_fifo.o(.data)
    m_event_handler                          0x20002084   Data           4  app_uart_fifo.o(.data)
    app_uart_inst                            0x20002088   Data           8  app_uart_fifo.o(.data)
    .data                                    0x20002090   Section       12  app_util_platform.o(.data)
    m_in_critical_region                     0x20002090   Data           4  app_util_platform.o(.data)
    .data                                    0x2000209c   Section        4  retarget.o(.data)
    .data                                    0x200020a0   Section       20  softdevice_handler.o(.data)
    m_softdevice_enabled                     0x200020a0   Data           1  softdevice_handler.o(.data)
    m_suspended                              0x200020a1   Data           1  softdevice_handler.o(.data)
    m_ble_evt_buffer_size                    0x200020a2   Data           2  softdevice_handler.o(.data)
    m_evt_schedule_func                      0x200020a4   Data           4  softdevice_handler.o(.data)
    mp_ble_evt_buffer                        0x200020a8   Data           4  softdevice_handler.o(.data)
    m_ble_evt_handler                        0x200020ac   Data           4  softdevice_handler.o(.data)
    m_sys_evt_handler                        0x200020b0   Data           4  softdevice_handler.o(.data)
    .data                                    0x200020b4   Section        4  system_nrf51.o(.data)
    __tagsym$$used                           0x200020b4   Number         0  system_nrf51.o(.data)
    .bss                                     0x200020b8   Section      752  main.o(.bss)
    BLE_EVT_BUFFER                           0x200020b8   Data          72  main.o(.bss)
    data_array                               0x20002100   Data          20  main.o(.bss)
    rx_buf                                   0x20002114   Data         256  main.o(.bss)
    tx_buf                                   0x20002214   Data         256  main.o(.bss)
    APP_TIMER_BUF                            0x20002314   Data         120  main.o(.bss)
    m_nus                                    0x2000238c   Data          28  main.o(.bss)
    .bss                                     0x200023a8   Section       50  user_common_func.o(.bss)
    str                                      0x200023a8   Data          50  user_common_func.o(.bss)
    .bss                                     0x200023dc   Section       32  bsp.o(.bss)
    m_leds_timer_id_data                     0x200023dc   Data          32  bsp.o(.bss)
    .bss                                     0x200023fc   Section       32  bsp.o(.bss)
    m_alert_timer_id_data                    0x200023fc   Data          32  bsp.o(.bss)
    .bss                                     0x2000241c   Section       12  bsp.o(.bss)
    m_events_list                            0x2000241c   Data          12  bsp.o(.bss)
    .bss                                     0x20002428   Section       32  bsp.o(.bss)
    m_button_timer_id_data                   0x20002428   Data          32  bsp.o(.bss)
    .bss                                     0x20002448   Section      363  ble_advertising.o(.bss)
    m_adv_modes_config                       0x20002448   Data          32  ble_advertising.o(.bss)
    m_advdata                                0x20002468   Data          60  ble_advertising.o(.bss)
    m_manuf_specific_data                    0x200024a4   Data          12  ble_advertising.o(.bss)
    m_manuf_data_array                       0x200024b0   Data          31  ble_advertising.o(.bss)
    m_service_data                           0x200024d0   Data          12  ble_advertising.o(.bss)
    m_service_data_array                     0x200024dc   Data          31  ble_advertising.o(.bss)
    m_whitelist_addrs                        0x200024fb   Data          56  ble_advertising.o(.bss)
    m_whitelist_irks                         0x20002533   Data         128  ble_advertising.o(.bss)
    .bss                                     0x200025b4   Section       32  ble_advertising.o(.bss)
    m_p_whitelist_addrs                      0x200025b4   Data          32  ble_advertising.o(.bss)
    .bss                                     0x200025d4   Section       32  ble_advertising.o(.bss)
    m_p_whitelist_irks                       0x200025d4   Data          32  ble_advertising.o(.bss)
    .bss                                     0x200025f4   Section       32  ble_conn_params.o(.bss)
    m_conn_params_timer_id_data              0x200025f4   Data          32  ble_conn_params.o(.bss)
    .bss                                     0x20002614   Section       28  ble_conn_params.o(.bss)
    m_conn_params_config                     0x20002614   Data          28  ble_conn_params.o(.bss)
    .bss                                     0x20002630   Section       20  nrf_drv_clock.o(.bss)
    m_clock_cb                               0x20002630   Data          20  nrf_drv_clock.o(.bss)
    .bss                                     0x20002644   Section       72  nrf_drv_gpiote.o(.bss)
    m_cb                                     0x20002644   Data          72  nrf_drv_gpiote.o(.bss)
    .bss                                     0x2000268c   Section       28  nrf_drv_uart.o(.bss)
    m_cb                                     0x2000268c   Data          28  nrf_drv_uart.o(.bss)
    .bss                                     0x200026a8   Section       32  app_button.o(.bss)
    m_detection_delay_timer_id_data          0x200026a8   Data          32  app_button.o(.bss)
    .bss                                     0x200026c8   Section       32  app_error.o(.bss)
    m_error_data                             0x200026c8   Data          32  app_error.o(.bss)
    .bss                                     0x200026e8   Section       32  app_uart_fifo.o(.bss)
    m_rx_fifo                                0x200026e8   Data          16  app_uart_fifo.o(.bss)
    m_tx_fifo                                0x200026f8   Data          16  app_uart_fifo.o(.bss)
    .bss                                     0x20002708   Section      104  fstorage.o(.bss)
    m_queue                                  0x20002708   Data         104  fstorage.o(.bss)
    STACK                                    0x20002770   Section     2048  arm_startup_nrf51.o(STACK)

    Global Symbols

    Symbol Name                              Value     Ov Type        Size  Object(Section)

    BuildAttributes$$THM_ISAv3M$S$PE$A:L22$X:L11$S22$IEEE1$IW$USESV6$~STKCKD$USESV7$~SHL$OSPACE$ROPI$EBA8$MICROLIB$REQ8$PRES8$EABIv2 0x00000000   Number         0  anon$$obj.o ABSOLUTE
    __ARM_use_no_argv                        0x00000000   Number         0  main.o ABSOLUTE
    __cpp_initialize__aeabi_                  - Undefined Weak Reference
    __cxa_finalize                            - Undefined Weak Reference
    __decompress                              - Undefined Weak Reference
    _clock_init                               - Undefined Weak Reference
    _microlib_exit                            - Undefined Weak Reference
    fs_data$$Base                             - Undefined Reference
    fs_data$$Limit                            - Undefined Reference
    __Vectors_Size                           0x000000c0   Number         0  arm_startup_nrf51.o ABSOLUTE
    __Vectors                                0x0001b000   Data           4  arm_startup_nrf51.o(RESET)
    __Vectors_End                            0x0001b0c0   Data           0  arm_startup_nrf51.o(RESET)
    __main                                   0x0001b0c1   Thumb Code     0  entry.o(.ARM.Collect$$$$00000000)
    _main_stk                                0x0001b0c1   Thumb Code     0  entry2.o(.ARM.Collect$$$$00000001)
    _main_scatterload                        0x0001b0c5   Thumb Code     0  entry5.o(.ARM.Collect$$$$00000004)
    __main_after_scatterload                 0x0001b0c9   Thumb Code     0  entry5.o(.ARM.Collect$$$$00000004)
    _main_clock                              0x0001b0c9   Thumb Code     0  entry7b.o(.ARM.Collect$$$$00000008)
    _main_cpp_init                           0x0001b0c9   Thumb Code     0  entry8b.o(.ARM.Collect$$$$0000000A)
    _main_init                               0x0001b0c9   Thumb Code     0  entry9a.o(.ARM.Collect$$$$0000000B)
    __rt_final_cpp                           0x0001b0d1   Thumb Code     0  entry10a.o(.ARM.Collect$$$$0000000D)
    __rt_final_exit                          0x0001b0d1   Thumb Code     0  entry11a.o(.ARM.Collect$$$$0000000F)
    Reset_Handler                            0x0001b0d5   Thumb Code    26  arm_startup_nrf51.o(.text)
    NMI_Handler                              0x0001b0ef   Thumb Code     2  arm_startup_nrf51.o(.text)
    HardFault_Handler                        0x0001b0f1   Thumb Code     2  arm_startup_nrf51.o(.text)
    SVC_Handler                              0x0001b0f3   Thumb Code     2  arm_startup_nrf51.o(.text)
    PendSV_Handler                           0x0001b0f5   Thumb Code     2  arm_startup_nrf51.o(.text)
    SysTick_Handler                          0x0001b0f7   Thumb Code     2  arm_startup_nrf51.o(.text)
    ADC_IRQHandler                           0x0001b0f9   Thumb Code     0  arm_startup_nrf51.o(.text)
    CCM_AAR_IRQHandler                       0x0001b0f9   Thumb Code     0  arm_startup_nrf51.o(.text)
    ECB_IRQHandler                           0x0001b0f9   Thumb Code     0  arm_startup_nrf51.o(.text)
    LPCOMP_IRQHandler                        0x0001b0f9   Thumb Code     0  arm_startup_nrf51.o(.text)
    QDEC_IRQHandler                          0x0001b0f9   Thumb Code     0  arm_startup_nrf51.o(.text)
    RADIO_IRQHandler                         0x0001b0f9   Thumb Code     0  arm_startup_nrf51.o(.text)
    RNG_IRQHandler                           0x0001b0f9   Thumb Code     0  arm_startup_nrf51.o(.text)
    RTC0_IRQHandler                          0x0001b0f9   Thumb Code     0  arm_startup_nrf51.o(.text)
    SPI0_TWI0_IRQHandler                     0x0001b0f9   Thumb Code     0  arm_startup_nrf51.o(.text)
    SPI1_TWI1_IRQHandler                     0x0001b0f9   Thumb Code     0  arm_startup_nrf51.o(.text)
    SWI1_IRQHandler                          0x0001b0f9   Thumb Code     0  arm_startup_nrf51.o(.text)
    SWI3_IRQHandler                          0x0001b0f9   Thumb Code     0  arm_startup_nrf51.o(.text)
    SWI4_IRQHandler                          0x0001b0f9   Thumb Code     0  arm_startup_nrf51.o(.text)
    SWI5_IRQHandler                          0x0001b0f9   Thumb Code     0  arm_startup_nrf51.o(.text)
    TEMP_IRQHandler                          0x0001b0f9   Thumb Code     0  arm_startup_nrf51.o(.text)
    TIMER0_IRQHandler                        0x0001b0f9   Thumb Code     0  arm_startup_nrf51.o(.text)
    TIMER1_IRQHandler                        0x0001b0f9   Thumb Code     0  arm_startup_nrf51.o(.text)
    TIMER2_IRQHandler                        0x0001b0f9   Thumb Code     0  arm_startup_nrf51.o(.text)
    WDT_IRQHandler                           0x0001b0f9   Thumb Code     0  arm_startup_nrf51.o(.text)
    __aeabi_uidiv                            0x0001b10d   Thumb Code     0  uidiv.o(.text)
    __aeabi_uidivmod                         0x0001b10d   Thumb Code    44  uidiv.o(.text)
    __aeabi_memcpy                           0x0001b139   Thumb Code    36  memcpya.o(.text)
    __aeabi_memcpy4                          0x0001b139   Thumb Code     0  memcpya.o(.text)
    __aeabi_memcpy8                          0x0001b139   Thumb Code     0  memcpya.o(.text)
    __aeabi_memset                           0x0001b15d   Thumb Code    14  memseta.o(.text)
    __aeabi_memset4                          0x0001b15d   Thumb Code     0  memseta.o(.text)
    __aeabi_memset8                          0x0001b15d   Thumb Code     0  memseta.o(.text)
    __aeabi_memclr                           0x0001b16b   Thumb Code     4  memseta.o(.text)
    __aeabi_memclr4                          0x0001b16b   Thumb Code     0  memseta.o(.text)
    __aeabi_memclr8                          0x0001b16b   Thumb Code     0  memseta.o(.text)
    _memset$wrapper                          0x0001b16f   Thumb Code    18  memseta.o(.text)
    strlen                                   0x0001b181   Thumb Code    14  strlen.o(.text)
    __scatterload                            0x0001b191   Thumb Code    28  init.o(.text)
    __scatterload_rt2                        0x0001b191   Thumb Code     0  init.o(.text)
    GPIOTE_IRQHandler                        0x0001b1b5   Thumb Code   364  nrf_drv_gpiote.o(i.GPIOTE_IRQHandler)
    HexToStr                                 0x0001b32d   Thumb Code    82  user_common_func.o(i.HexToStr)
    POWER_CLOCK_IRQHandler                   0x0001b3dd   Thumb Code    70  nrf_drv_clock.o(i.POWER_CLOCK_IRQHandler)
    RTC1_IRQHandler                          0x0001b431   Thumb Code    28  app_timer.o(i.RTC1_IRQHandler)
    SWI0_IRQHandler                          0x0001b451   Thumb Code     8  app_timer.o(i.SWI0_IRQHandler)
    SWI2_IRQHandler                          0x0001b459   Thumb Code    34  softdevice_handler.o(i.SWI2_IRQHandler)
    SystemInit                               0x0001b485   Thumb Code   130  system_nrf51.o(i.SystemInit)
    UART0_IRQHandler                         0x0001b525   Thumb Code    12  nrf_drv_uart.o(i.UART0_IRQHandler)
    __0printf$bare                           0x0001b539   Thumb Code    12  printfb.o(i.__0printf$bare)
    __1printf$bare                           0x0001b539   Thumb Code     0  printfb.o(i.__0printf$bare)
    __2printf                                0x0001b539   Thumb Code     0  printfb.o(i.__0printf$bare)
    __ARM_common_switch8                     0x0001b54d   Thumb Code    26  bsp.o(i.__ARM_common_switch8)
    __scatterload_copy                       0x0001b567   Thumb Code    14  handlers.o(i.__scatterload_copy)
    __scatterload_null                       0x0001b575   Thumb Code     2  handlers.o(i.__scatterload_null)
    __scatterload_zeroinit                   0x0001b577   Thumb Code    14  handlers.o(i.__scatterload_zeroinit)
    adv_data_encode                          0x0001b5bf   Thumb Code   398  ble_advdata.o(i.adv_data_encode)
    app_button_enable                        0x0001b881   Thumb Code    32  app_button.o(i.app_button_enable)
    app_button_init                          0x0001b8a5   Thumb Code   100  app_button.o(i.app_button_init)
    app_error_fault_handler                  0x0001b919   Thumb Code     8  app_error_weak.o(i.app_error_fault_handler)
    app_error_handler                        0x0001b921   Thumb Code    22  app_error.o(i.app_error_handler)
    app_error_save_and_stop                  0x0001b93d   Thumb Code    90  app_error.o(i.app_error_save_and_stop)
    app_fifo_get                             0x0001b9a1   Thumb Code    22  app_fifo.o(i.app_fifo_get)
    app_fifo_init                            0x0001b9b7   Thumb Code    36  app_fifo.o(i.app_fifo_init)
    app_fifo_put                             0x0001b9db   Thumb Code    26  app_fifo.o(i.app_fifo_put)
    app_timer_create                         0x0001b9f5   Thumb Code    40  app_timer.o(i.app_timer_create)
    app_timer_init                           0x0001ba21   Thumb Code    98  app_timer.o(i.app_timer_init)
    app_timer_start                          0x0001ba95   Thumb Code   128  app_timer.o(i.app_timer_start)
    app_timer_stop                           0x0001bb1d   Thumb Code    36  app_timer.o(i.app_timer_stop)
    app_uart_get                             0x0001bb45   Thumb Code    50  app_uart_fifo.o(i.app_uart_get)
    app_uart_init                            0x0001bbbd   Thumb Code   160  app_uart_fifo.o(i.app_uart_init)
    app_uart_put                             0x0001bc6d   Thumb Code    56  app_uart_fifo.o(i.app_uart_put)
    app_util_critical_region_enter           0x0001bcad   Thumb Code    48  app_util_platform.o(i.app_util_critical_region_enter)
    app_util_critical_region_exit            0x0001bce9   Thumb Code    36  app_util_platform.o(i.app_util_critical_region_exit)
    ble_advdata_set                          0x0001bd99   Thumb Code   104  ble_advdata.o(i.ble_advdata_set)
    ble_advertising_init                     0x0001be01   Thumb Code   340  ble_advertising.o(i.ble_advertising_init)
    ble_advertising_on_ble_evt               0x0001bf5d   Thumb Code    82  ble_advertising.o(i.ble_advertising_on_ble_evt)
    ble_advertising_restart_without_whitelist 0x0001bfb5   Thumb Code    50  ble_advertising.o(i.ble_advertising_restart_without_whitelist)
    ble_advertising_start                    0x0001bff1   Thumb Code   256  ble_advertising.o(i.ble_advertising_start)
    ble_conn_params_init                     0x0001c0f9   Thumb Code    68  ble_conn_params.o(i.ble_conn_params_init)
    ble_conn_params_on_ble_evt               0x0001c14d   Thumb Code   130  ble_conn_params.o(i.ble_conn_params_on_ble_evt)
    ble_nus_init                             0x0001c265   Thumb Code    98  ble_nus.o(i.ble_nus_init)
    ble_nus_on_ble_evt                       0x0001c2cd   Thumb Code    92  ble_nus.o(i.ble_nus_on_ble_evt)
    ble_nus_string_send                      0x0001c329   Thumb Code    78  ble_nus.o(i.ble_nus_string_send)
    ble_srv_is_notification_enabled          0x0001c37d   Thumb Code    14  ble_srv_common.o(i.ble_srv_is_notification_enabled)
    bsp_board_button_idx_to_pin              0x0001c405   Thumb Code     6  boards.o(i.bsp_board_button_idx_to_pin)
    bsp_board_button_state_get               0x0001c411   Thumb Code    24  boards.o(i.bsp_board_button_state_get)
    bsp_board_led_invert                     0x0001c431   Thumb Code    24  boards.o(i.bsp_board_led_invert)
    bsp_board_led_off                        0x0001c451   Thumb Code    14  boards.o(i.bsp_board_led_off)
    bsp_board_led_on                         0x0001c465   Thumb Code    14  boards.o(i.bsp_board_led_on)
    bsp_board_led_state_get                  0x0001c479   Thumb Code    24  boards.o(i.bsp_board_led_state_get)
    bsp_board_leds_init                      0x0001c499   Thumb Code    36  boards.o(i.bsp_board_leds_init)
    bsp_board_leds_off                       0x0001c4c1   Thumb Code    18  boards.o(i.bsp_board_leds_off)
    bsp_board_leds_on                        0x0001c4d3   Thumb Code    18  boards.o(i.bsp_board_leds_on)
    bsp_board_pin_to_button_idx              0x0001c4e5   Thumb Code    30  boards.o(i.bsp_board_pin_to_button_idx)
    bsp_btn_ble_init                         0x0001c509   Thumb Code    58  bsp_btn_ble.o(i.bsp_btn_ble_init)
    bsp_btn_ble_on_ble_evt                   0x0001c549   Thumb Code   114  bsp_btn_ble.o(i.bsp_btn_ble_on_ble_evt)
    bsp_btn_ble_sleep_mode_prepare           0x0001c5c1   Thumb Code    34  bsp_btn_ble.o(i.bsp_btn_ble_sleep_mode_prepare)
    bsp_button_is_pressed                    0x0001c679   Thumb Code     8  bsp.o(i.bsp_button_is_pressed)
    bsp_event_handler                        0x0001c681   Thumb Code    76  main.o(i.bsp_event_handler)
    bsp_event_to_button_action_assign        0x0001c6e5   Thumb Code    66  bsp.o(i.bsp_event_to_button_action_assign)
    bsp_indication_set                       0x0001c72d   Thumb Code    22  bsp.o(i.bsp_indication_set)
    bsp_init                                 0x0001c749   Thumb Code   132  bsp.o(i.bsp_init)
    bsp_wakeup_button_enable                 0x0001c961   Thumb Code    16  bsp.o(i.bsp_wakeup_button_enable)
    fputc                                    0x0001cc93   Thumb Code    14  retarget.o(i.fputc)
    fs_queued_op_count_get                   0x0001cca1   Thumb Code    18  fstorage.o(i.fs_queued_op_count_get)
    get_mac_addr                             0x0001cd4d   Thumb Code    44  user_common_func.o(i.get_mac_addr)
    intern_softdevice_events_execute         0x0001cddd   Thumb Code   130  softdevice_handler.o(i.intern_softdevice_events_execute)
    main                                     0x0001d04d   Thumb Code   288  main.o(i.main)
    nrf_drv_clock_init                       0x0001d31d   Thumb Code    60  nrf_drv_clock.o(i.nrf_drv_clock_init)
    nrf_drv_clock_on_sd_enable               0x0001d365   Thumb Code    46  nrf_drv_clock.o(i.nrf_drv_clock_on_sd_enable)
    nrf_drv_clock_on_soc_event               0x0001d399   Thumb Code    12  nrf_drv_clock.o(i.nrf_drv_clock_on_soc_event)
    nrf_drv_common_irq_enable                0x0001d3a5   Thumb Code    78  nrf_drv_common.o(i.nrf_drv_common_irq_enable)
    nrf_drv_gpiote_in_event_enable           0x0001d405   Thumb Code   136  nrf_drv_gpiote.o(i.nrf_drv_gpiote_in_event_enable)
    nrf_drv_gpiote_in_init                   0x0001d49d   Thumb Code   154  nrf_drv_gpiote.o(i.nrf_drv_gpiote_in_init)
    nrf_drv_gpiote_in_is_set                 0x0001d545   Thumb Code    16  nrf_drv_gpiote.o(i.nrf_drv_gpiote_in_is_set)
    nrf_drv_gpiote_init                      0x0001d559   Thumb Code    84  nrf_drv_gpiote.o(i.nrf_drv_gpiote_init)
    nrf_drv_gpiote_is_init                   0x0001d5b5   Thumb Code    12  nrf_drv_gpiote.o(i.nrf_drv_gpiote_is_init)
    nrf_drv_uart_init                        0x0001d5c5   Thumb Code   118  nrf_drv_uart.o(i.nrf_drv_uart_init)
    nrf_drv_uart_rx                          0x0001d645   Thumb Code    86  nrf_drv_uart.o(i.nrf_drv_uart_rx)
    nrf_drv_uart_rx_enable                   0x0001d6a1   Thumb Code    40  nrf_drv_uart.o(i.nrf_drv_uart_rx_enable)
    nrf_drv_uart_tx                          0x0001d775   Thumb Code    46  nrf_drv_uart.o(i.nrf_drv_uart_tx)
    nrf_drv_uart_tx_in_progress              0x0001d835   Thumb Code    20  nrf_drv_uart.o(i.nrf_drv_uart_tx_in_progress)
    softdevice_ble_evt_handler_set           0x0001dee5   Thumb Code    16  softdevice_handler.o(i.softdevice_ble_evt_handler_set)
    softdevice_enable                        0x0001def9   Thumb Code    14  softdevice_handler.o(i.softdevice_enable)
    softdevice_enable_get_default_config     0x0001df0d   Thumb Code    40  softdevice_handler.o(i.softdevice_enable_get_default_config)
    softdevice_fault_handler                 0x0001df35   Thumb Code     8  softdevice_handler.o(i.softdevice_fault_handler)
    softdevice_handler_init                  0x0001df3d   Thumb Code    74  softdevice_handler.o(i.softdevice_handler_init)
    softdevice_handler_is_enabled            0x0001df95   Thumb Code     6  softdevice_handler.o(i.softdevice_handler_is_enabled)
    uart_event_handle                        0x0001e235   Thumb Code   106  main.o(i.uart_event_handle)
    Region$$Table$$Base                      0x0001e71c   Number         0  anon$$obj.o(Region$$Table)
    Region$$Table$$Limit                     0x0001e73c   Number         0  anon$$obj.o(Region$$Table)
    Image$$RW_IRAM1$$Base                    0x20001fe8   Number         0  anon$$obj.o ABSOLUTE
    nrf_nvic_state                           0x20002094   Data           8  app_util_platform.o(.data)
    __stdout                                 0x2000209c   Data           4  retarget.o(.data)
    SystemCoreClock                          0x200020b4   Data           4  system_nrf51.o(.data)
    __initial_sp                             0x20002f70   Data           0  arm_startup_nrf51.o(STACK)



==============================================================================

Memory Map of the image

  Image Entry point : 0x0001b0c1

  Load Region LR_IROM1 (Base: 0x0001b000, Size: 0x0000380c, Max: 0x00025000, ABSOLUTE)

    Execution Region ER_IROM1 (Base: 0x0001b000, Size: 0x0000373c, Max: 0x00025000, ABSOLUTE)

    Base Addr    Size         Type   Attr      Idx    E Section Name        Object

    0x0001b000   0x000000c0   Data   RO         2504    RESET               arm_startup_nrf51.o
    0x0001b0c0   0x00000000   Code   RO         2546  * .ARM.Collect$$$$00000000  mc_p.l(entry.o)
    0x0001b0c0   0x00000004   Code   RO         2821    .ARM.Collect$$$$00000001  mc_p.l(entry2.o)
    0x0001b0c4   0x00000004   Code   RO         2824    .ARM.Collect$$$$00000004  mc_p.l(entry5.o)
    0x0001b0c8   0x00000000   Code   RO         2826    .ARM.Collect$$$$00000008  mc_p.l(entry7b.o)
    0x0001b0c8   0x00000000   Code   RO         2828    .ARM.Collect$$$$0000000A  mc_p.l(entry8b.o)
    0x0001b0c8   0x00000008   Code   RO         2829    .ARM.Collect$$$$0000000B  mc_p.l(entry9a.o)
    0x0001b0d0   0x00000000   Code   RO         2831    .ARM.Collect$$$$0000000D  mc_p.l(entry10a.o)
    0x0001b0d0   0x00000000   Code   RO         2833    .ARM.Collect$$$$0000000F  mc_p.l(entry11a.o)
    0x0001b0d0   0x00000004   Code   RO         2822    .ARM.Collect$$$$00002712  mc_p.l(entry2.o)
    0x0001b0d4   0x00000038   Code   RO         2505    .text               arm_startup_nrf51.o
    0x0001b10c   0x0000002c   Code   RO         2549    .text               mc_p.l(uidiv.o)
    0x0001b138   0x00000024   Code   RO         2551    .text               mc_p.l(memcpya.o)
    0x0001b15c   0x00000024   Code   RO         2553    .text               mc_p.l(memseta.o)
    0x0001b180   0x0000000e   Code   RO         2555    .text               mc_p.l(strlen.o)
    0x0001b18e   0x00000002   PAD
    0x0001b190   0x00000024   Code   RO         2848    .text               mc_p.l(init.o)
    0x0001b1b4   0x00000178   Code   RO         1170    i.GPIOTE_IRQHandler  nrf_drv_gpiote.o
    0x0001b32c   0x0000006c   Code   RO          291    i.HexToStr          user_common_func.o
    0x0001b398   0x00000044   Code   RO         1754    i.NVIC_SetPriority  app_timer.o
    0x0001b3dc   0x00000054   Code   RO          958    i.POWER_CLOCK_IRQHandler  nrf_drv_clock.o
    0x0001b430   0x00000020   Code   RO         1755    i.RTC1_IRQHandler   app_timer.o
    0x0001b450   0x00000008   Code   RO         1756    i.SWI0_IRQHandler   app_timer.o
    0x0001b458   0x0000002c   Code   RO         2370    i.SWI2_IRQHandler   softdevice_handler.o
    0x0001b484   0x000000a0   Code   RO         2512    i.SystemInit        system_nrf51.o
    0x0001b524   0x00000014   Code   RO         1385    i.UART0_IRQHandler  nrf_drv_uart.o
    0x0001b538   0x00000014   Code   RO         2562    i.__0printf$bare    mc_p.l(printfb.o)
    0x0001b54c   0x0000001a   Code   RO          536    i.__ARM_common_switch8  bsp.o
    0x0001b566   0x0000000e   Code   RO         2862    i.__scatterload_copy  mc_p.l(handlers.o)
    0x0001b574   0x00000002   Code   RO         2863    i.__scatterload_null  mc_p.l(handlers.o)
    0x0001b576   0x0000000e   Code   RO         2864    i.__scatterload_zeroinit  mc_p.l(handlers.o)
    0x0001b584   0x0000001c   Code   RO         2371    i.__sd_nvic_app_accessible_irq  softdevice_handler.o
    0x0001b5a0   0x0000001e   Code   RO         2569    i._printf_core      mc_p.l(printfb.o)
    0x0001b5be   0x0000018e   Code   RO          629    i.adv_data_encode   ble_advdata.o
    0x0001b74c   0x00000068   Code   RO          702    i.adv_mode_next_avail_get  ble_advertising.o
    0x0001b7b4   0x0000003c   Code   RO          555    i.advertising_buttons_configure  bsp_btn_ble.o
    0x0001b7f0   0x00000084   Code   RO            3    i.advertising_init  main.o
    0x0001b874   0x0000000a   Code   RO          442    i.alert_timer_handler  bsp.o
    0x0001b87e   0x00000002   PAD
    0x0001b880   0x00000024   Code   RO         1563    i.app_button_enable  app_button.o
    0x0001b8a4   0x00000074   Code   RO         1564    i.app_button_init   app_button.o
    0x0001b918   0x00000008   Code   RO         1662    i.app_error_fault_handler  app_error_weak.o
    0x0001b920   0x0000001c   Code   RO         1623    i.app_error_handler  app_error.o
    0x0001b93c   0x00000064   Code   RO         1625    i.app_error_save_and_stop  app_error.o
    0x0001b9a0   0x00000016   Code   RO         1686    i.app_fifo_get      app_fifo.o
    0x0001b9b6   0x00000024   Code   RO         1687    i.app_fifo_init     app_fifo.o
    0x0001b9da   0x0000001a   Code   RO         1689    i.app_fifo_put      app_fifo.o
    0x0001b9f4   0x0000002c   Code   RO         1759    i.app_timer_create  app_timer.o
    0x0001ba20   0x00000074   Code   RO         1760    i.app_timer_init    app_timer.o
    0x0001ba94   0x00000088   Code   RO         1761    i.app_timer_start   app_timer.o
    0x0001bb1c   0x00000028   Code   RO         1762    i.app_timer_stop    app_timer.o
    0x0001bb44   0x00000078   Code   RO         1901    i.app_uart_get      app_uart_fifo.o
    0x0001bbbc   0x000000b0   Code   RO         1902    i.app_uart_init     app_uart_fifo.o
    0x0001bc6c   0x00000040   Code   RO         1903    i.app_uart_put      app_uart_fifo.o
    0x0001bcac   0x0000003c   Code   RO         1958    i.app_util_critical_region_enter  app_util_platform.o
    0x0001bce8   0x0000002c   Code   RO         1959    i.app_util_critical_region_exit  app_util_platform.o
    0x0001bd14   0x00000084   Code   RO         1386    i.apply_config      nrf_drv_uart.o
    0x0001bd98   0x00000068   Code   RO          630    i.ble_advdata_set   ble_advdata.o
    0x0001be00   0x0000015c   Code   RO          703    i.ble_advertising_init  ble_advertising.o
    0x0001bf5c   0x00000058   Code   RO          704    i.ble_advertising_on_ble_evt  ble_advertising.o
    0x0001bfb4   0x0000003c   Code   RO          707    i.ble_advertising_restart_without_whitelist  ble_advertising.o
    0x0001bff0   0x00000108   Code   RO          708    i.ble_advertising_start  ble_advertising.o
    0x0001c0f8   0x00000054   Code   RO          796    i.ble_conn_params_init  ble_conn_params.o
    0x0001c14c   0x00000090   Code   RO          797    i.ble_conn_params_on_ble_evt  ble_conn_params.o
    0x0001c1dc   0x0000005e   Code   RO          631    i.ble_device_addr_encode  ble_advdata.o
    0x0001c23a   0x00000002   PAD
    0x0001c23c   0x00000028   Code   RO            5    i.ble_evt_dispatch  main.o
    0x0001c264   0x00000068   Code   RO          915    i.ble_nus_init      ble_nus.o
    0x0001c2cc   0x0000005c   Code   RO          916    i.ble_nus_on_ble_evt  ble_nus.o
    0x0001c328   0x00000054   Code   RO          917    i.ble_nus_string_send  ble_nus.o
    0x0001c37c   0x0000000e   Code   RO          862    i.ble_srv_is_notification_enabled  ble_srv_common.o
    0x0001c38a   0x00000002   PAD
    0x0001c38c   0x00000078   Code   RO            6    i.ble_stack_init    main.o
    0x0001c404   0x0000000c   Code   RO          330    i.bsp_board_button_idx_to_pin  boards.o
    0x0001c410   0x00000020   Code   RO          331    i.bsp_board_button_state_get  boards.o
    0x0001c430   0x00000020   Code   RO          334    i.bsp_board_led_invert  boards.o
    0x0001c450   0x00000014   Code   RO          335    i.bsp_board_led_off  boards.o
    0x0001c464   0x00000014   Code   RO          336    i.bsp_board_led_on  boards.o
    0x0001c478   0x00000020   Code   RO          337    i.bsp_board_led_state_get  boards.o
    0x0001c498   0x00000028   Code   RO          338    i.bsp_board_leds_init  boards.o
    0x0001c4c0   0x00000012   Code   RO          339    i.bsp_board_leds_off  boards.o
    0x0001c4d2   0x00000012   Code   RO          340    i.bsp_board_leds_on  boards.o
    0x0001c4e4   0x00000024   Code   RO          341    i.bsp_board_pin_to_button_idx  boards.o
    0x0001c508   0x00000040   Code   RO          556    i.bsp_btn_ble_init  bsp_btn_ble.o
    0x0001c548   0x00000078   Code   RO          557    i.bsp_btn_ble_on_ble_evt  bsp_btn_ble.o
    0x0001c5c0   0x00000022   Code   RO          558    i.bsp_btn_ble_sleep_mode_prepare  bsp_btn_ble.o
    0x0001c5e2   0x00000002   PAD
    0x0001c5e4   0x00000094   Code   RO          443    i.bsp_button_event_handler  bsp.o
    0x0001c678   0x00000008   Code   RO          444    i.bsp_button_is_pressed  bsp.o
    0x0001c680   0x00000064   Code   RO            7    i.bsp_event_handler  main.o
    0x0001c6e4   0x00000048   Code   RO          447    i.bsp_event_to_button_action_assign  bsp.o
    0x0001c72c   0x0000001c   Code   RO          448    i.bsp_indication_set  bsp.o
    0x0001c748   0x00000098   Code   RO          449    i.bsp_init          bsp.o
    0x0001c7e0   0x00000180   Code   RO          450    i.bsp_led_indication  bsp.o
    0x0001c960   0x00000010   Code   RO          452    i.bsp_wakeup_button_enable  bsp.o
    0x0001c970   0x0000000c   Code   RO          453    i.button_timer_handler  bsp.o
    0x0001c97c   0x0000001c   Code   RO         1171    i.channel_free      nrf_drv_gpiote.o
    0x0001c998   0x00000048   Code   RO         1172    i.channel_port_alloc  nrf_drv_gpiote.o
    0x0001c9e0   0x00000010   Code   RO         1173    i.channel_port_get  nrf_drv_gpiote.o
    0x0001c9f0   0x00000028   Code   RO          959    i.clock_clk_started_notify  nrf_drv_clock.o
    0x0001ca18   0x000000a8   Code   RO         1764    i.compare_reg_update  app_timer.o
    0x0001cac0   0x00000088   Code   RO          632    i.conn_int_encode   ble_advdata.o
    0x0001cb48   0x0000001c   Code   RO            8    i.conn_params_error_handler  main.o
    0x0001cb64   0x00000068   Code   RO          799    i.conn_params_negotiation  ble_conn_params.o
    0x0001cbcc   0x00000060   Code   RO         1566    i.detection_delay_timeout_handler  app_button.o
    0x0001cc2c   0x00000040   Code   RO         1765    i.elapsed_ticks_acquire  app_timer.o
    0x0001cc6c   0x00000014   Code   RO         1692    i.fifo_get          app_fifo.o
    0x0001cc80   0x00000012   Code   RO         1693    i.fifo_put          app_fifo.o
    0x0001cc92   0x0000000e   Code   RO         2147    i.fputc             retarget.o
    0x0001cca0   0x00000018   Code   RO         2011    i.fs_queued_op_count_get  fstorage.o
    0x0001ccb8   0x00000094   Code   RO            9    i.gap_params_init   main.o
    0x0001cd4c   0x00000040   Code   RO          293    i.get_mac_addr      user_common_func.o
    0x0001cd8c   0x00000050   Code   RO         1567    i.gpiote_event_handler  app_button.o
    0x0001cddc   0x0000008c   Code   RO         2372    i.intern_softdevice_events_execute  softdevice_handler.o
    0x0001ce68   0x0000001c   Code   RO          800    i.is_conn_params_ok  ble_conn_params.o
    0x0001ce84   0x00000048   Code   RO         2513    i.is_manual_peripheral_setup_needed  system_nrf51.o
    0x0001cecc   0x00000018   Code   RO          454    i.leds_timer_handler  bsp.o
    0x0001cee4   0x000000ac   Code   RO         1766    i.list_deletions_handler  app_timer.o
    0x0001cf90   0x000000bc   Code   RO         1767    i.list_insertions_handler  app_timer.o
    0x0001d04c   0x00000178   Code   RO           10    i.main              main.o
    0x0001d1c4   0x00000068   Code   RO          633    i.manuf_specific_data_encode  ble_advdata.o
    0x0001d22c   0x0000009e   Code   RO          634    i.name_encode       ble_advdata.o
    0x0001d2ca   0x00000010   Code   RO         1174    i.nrf_bitmask_bit_is_set  nrf_drv_gpiote.o
    0x0001d2da   0x00000010   Code   RO          963    i.nrf_clock_event_check  nrf_drv_clock.o
    0x0001d2ea   0x00000002   PAD
    0x0001d2ec   0x00000030   Code   RO         1768    i.nrf_delay_us      app_timer.o
    0x0001d31c   0x00000048   Code   RO          970    i.nrf_drv_clock_init  nrf_drv_clock.o
    0x0001d364   0x00000034   Code   RO          977    i.nrf_drv_clock_on_sd_enable  nrf_drv_clock.o
    0x0001d398   0x0000000c   Code   RO          978    i.nrf_drv_clock_on_soc_event  nrf_drv_clock.o
    0x0001d3a4   0x00000060   Code   RO         1129    i.nrf_drv_common_irq_enable  nrf_drv_common.o
    0x0001d404   0x00000098   Code   RO         1177    i.nrf_drv_gpiote_in_event_enable  nrf_drv_gpiote.o
    0x0001d49c   0x000000a8   Code   RO         1178    i.nrf_drv_gpiote_in_init  nrf_drv_gpiote.o
    0x0001d544   0x00000014   Code   RO         1179    i.nrf_drv_gpiote_in_is_set  nrf_drv_gpiote.o
    0x0001d558   0x0000005c   Code   RO         1181    i.nrf_drv_gpiote_init  nrf_drv_gpiote.o
    0x0001d5b4   0x00000010   Code   RO         1182    i.nrf_drv_gpiote_is_init  nrf_drv_gpiote.o
    0x0001d5c4   0x00000080   Code   RO         1388    i.nrf_drv_uart_init  nrf_drv_uart.o
    0x0001d644   0x0000005c   Code   RO         1389    i.nrf_drv_uart_rx   nrf_drv_uart.o
    0x0001d6a0   0x0000002c   Code   RO         1392    i.nrf_drv_uart_rx_enable  nrf_drv_uart.o
    0x0001d6cc   0x000000a8   Code   RO         1393    i.nrf_drv_uart_rx_for_uart  nrf_drv_uart.o
    0x0001d774   0x00000034   Code   RO         1394    i.nrf_drv_uart_tx   nrf_drv_uart.o
    0x0001d7a8   0x0000008c   Code   RO         1396    i.nrf_drv_uart_tx_for_uart  nrf_drv_uart.o
    0x0001d834   0x00000018   Code   RO         1397    i.nrf_drv_uart_tx_in_progress  nrf_drv_uart.o
    0x0001d84c   0x00000028   Code   RO          343    i.nrf_gpio_cfg      boards.o
    0x0001d874   0x00000028   Code   RO         1194    i.nrf_gpio_cfg      nrf_drv_gpiote.o
    0x0001d89c   0x00000028   Code   RO         1399    i.nrf_gpio_cfg      nrf_drv_uart.o
    0x0001d8c4   0x00000012   Code   RO         1401    i.nrf_gpio_cfg_input  nrf_drv_uart.o
    0x0001d8d6   0x00000014   Code   RO         1402    i.nrf_gpio_cfg_output  nrf_drv_uart.o
    0x0001d8ea   0x00000022   Code   RO          455    i.nrf_gpio_cfg_sense_set  bsp.o
    0x0001d90c   0x00000022   Code   RO         1196    i.nrf_gpio_cfg_sense_set  nrf_drv_gpiote.o
    0x0001d92e   0x00000002   PAD
    0x0001d930   0x00000018   Code   RO          344    i.nrf_gpio_pin_write  boards.o
    0x0001d948   0x00000028   Code   RO         1197    i.nrf_gpio_ports_read  nrf_drv_gpiote.o
    0x0001d970   0x00000010   Code   RO         1198    i.nrf_gpiote_event_clear  nrf_drv_gpiote.o
    0x0001d980   0x00000014   Code   RO         1199    i.nrf_gpiote_event_is_set  nrf_drv_gpiote.o
    0x0001d994   0x0000000a   Code   RO         1403    i.nrf_uart_event_check  nrf_drv_uart.o
    0x0001d99e   0x00000010   Code   RO         1404    i.nrf_uart_int_enable_check  nrf_drv_uart.o
    0x0001d9ae   0x00000030   Code   RO           11    i.nus_data_handler  main.o
    0x0001d9de   0x00000002   PAD
    0x0001d9e0   0x00000038   Code   RO           12    i.on_adv_evt        main.o
    0x0001da18   0x00000124   Code   RO           13    i.on_ble_evt        main.o
    0x0001db3c   0x00000034   Code   RO           14    i.on_conn_params_evt  main.o
    0x0001db70   0x00000018   Code   RO         1200    i.pin_in_use_by_port  nrf_drv_gpiote.o
    0x0001db88   0x00000018   Code   RO         1201    i.pin_in_use_by_te  nrf_drv_gpiote.o
    0x0001dba0   0x00000044   Code   RO         1769    i.rtc1_stop         app_timer.o
    0x0001dbe4   0x00000026   Code   RO         1405    i.rx_byte           nrf_drv_uart.o
    0x0001dc0a   0x0000009e   Code   RO          918    i.rx_char_add       ble_nus.o
    0x0001dca8   0x00000014   Code   RO         1406    i.rx_done_event     nrf_drv_uart.o
    0x0001dcbc   0x0000001a   Code   RO         1407    i.rx_enable         nrf_drv_uart.o
    0x0001dcd6   0x00000002   PAD
    0x0001dcd8   0x00000084   Code   RO         2374    i.sd_nvic_EnableIRQ  softdevice_handler.o
    0x0001dd5c   0x0000008e   Code   RO          635    i.service_data_encode  ble_advdata.o
    0x0001ddea   0x00000002   PAD
    0x0001ddec   0x00000058   Code   RO          710    i.set_adv_mode_fast  ble_advertising.o
    0x0001de44   0x00000054   Code   RO          711    i.set_adv_mode_slow  ble_advertising.o
    0x0001de98   0x0000004c   Code   RO           15    i.sleep_mode_enter  main.o
    0x0001dee4   0x00000014   Code   RO         2375    i.softdevice_ble_evt_handler_set  softdevice_handler.o
    0x0001def8   0x00000014   Code   RO         2376    i.softdevice_enable  softdevice_handler.o
    0x0001df0c   0x00000028   Code   RO         2377    i.softdevice_enable_get_default_config  softdevice_handler.o
    0x0001df34   0x00000008   Code   RO         2378    i.softdevice_fault_handler  softdevice_handler.o
    0x0001df3c   0x00000058   Code   RO         2379    i.softdevice_handler_init  softdevice_handler.o
    0x0001df94   0x0000000c   Code   RO         2380    i.softdevice_handler_is_enabled  softdevice_handler.o
    0x0001dfa0   0x00000084   Code   RO         1770    i.timer_list_handler  app_timer.o
    0x0001e024   0x00000010   Code   RO         1771    i.timer_list_handler_sched  app_timer.o
    0x0001e034   0x00000040   Code   RO         1772    i.timer_list_insert  app_timer.o
    0x0001e074   0x00000048   Code   RO         1773    i.timer_stop_op_schedule  app_timer.o
    0x0001e0bc   0x000000c0   Code   RO         1774    i.timer_timeouts_check  app_timer.o
    0x0001e17c   0x0000001e   Code   RO         1408    i.tx_byte           nrf_drv_uart.o
    0x0001e19a   0x00000080   Code   RO          919    i.tx_char_add       ble_nus.o
    0x0001e21a   0x00000018   Code   RO         1409    i.tx_done_event     nrf_drv_uart.o
    0x0001e232   0x00000002   PAD
    0x0001e234   0x00000088   Code   RO           16    i.uart_event_handle  main.o
    0x0001e2bc   0x000000a8   Code   RO         1904    i.uart_event_handler  app_uart_fifo.o
    0x0001e364   0x00000128   Code   RO         1410    i.uart_irq_handler  nrf_drv_uart.o
    0x0001e48c   0x0000000a   Code   RO          636    i.uint16_encode     ble_advdata.o
    0x0001e496   0x00000002   PAD
    0x0001e498   0x00000064   Code   RO          801    i.update_timeout_handler  ble_conn_params.o
    0x0001e4fc   0x0000002c   Code   RO         1775    i.user_op_alloc     app_timer.o
    0x0001e528   0x00000030   Code   RO          637    i.uuid_list_encode  ble_advdata.o
    0x0001e558   0x000000ae   Code   RO          638    i.uuid_list_sized_encode  ble_advdata.o
    0x0001e606   0x00000002   PAD
    0x0001e608   0x00000018   Code   RO          712    i.whitelist_has_entries  ble_advertising.o
    0x0001e620   0x0000002d   Data   RO           18    .constdata          main.o
    0x0001e64d   0x00000008   Data   RO          345    .constdata          boards.o
    0x0001e655   0x00000003   PAD
    0x0001e658   0x0000002c   Data   RO          460    .constdata          bsp.o
    0x0001e684   0x00000004   Data   RO          804    .constdata          ble_conn_params.o
    0x0001e688   0x00000010   Data   RO          920    .constdata          ble_nus.o
    0x0001e698   0x00000004   Data   RO         1203    .constdata          nrf_drv_gpiote.o
    0x0001e69c   0x00000008   Data   RO         1569    .constdata          app_button.o
    0x0001e6a4   0x00000020   Data   RO         1906    .constdata          app_uart_fifo.o
    0x0001e6c4   0x00000057   Data   RO         2386    .conststring        softdevice_handler.o
    0x0001e71b   0x00000001   PAD
    0x0001e71c   0x00000020   Data   RO         2860    Region$$Table       anon$$obj.o


    Execution Region RW_IRAM1 (Base: 0x20001fe8, Size: 0x00000f88, Max: 0x00006018, ABSOLUTE)

    Base Addr    Size         Type   Attr      Idx    E Section Name        Object

    0x20001fe8   0x00000004   Data   RW           19    .data               main.o
    0x20001fec   0x00000014   Data   RW          461    .data               bsp.o
    0x20002000   0x00000008   Data   RW          559    .data               bsp_btn_ble.o
    0x20002008   0x00000030   Data   RW          716    .data               ble_advertising.o
    0x20002038   0x00000014   Data   RW          805    .data               ble_conn_params.o
    0x2000204c   0x00000014   Data   RW         1570    .data               app_button.o
    0x20002060   0x00000020   Data   RW         1776    .data               app_timer.o
    0x20002080   0x00000010   Data   RW         1907    .data               app_uart_fifo.o
    0x20002090   0x0000000c   Data   RW         1962    .data               app_util_platform.o
    0x2000209c   0x00000004   Data   RW         2148    .data               retarget.o
    0x200020a0   0x00000014   Data   RW         2387    .data               softdevice_handler.o
    0x200020b4   0x00000004   Data   RW         2514    .data               system_nrf51.o
    0x200020b8   0x000002f0   Zero   RW           17    .bss                main.o
    0x200023a8   0x00000032   Zero   RW          294    .bss                user_common_func.o
    0x200023da   0x00000002   PAD
    0x200023dc   0x00000020   Zero   RW          456    .bss                bsp.o
    0x200023fc   0x00000020   Zero   RW          457    .bss                bsp.o
    0x2000241c   0x0000000c   Zero   RW          458    .bss                bsp.o
    0x20002428   0x00000020   Zero   RW          459    .bss                bsp.o
    0x20002448   0x0000016b   Zero   RW          713    .bss                ble_advertising.o
    0x200025b3   0x00000001   PAD
    0x200025b4   0x00000020   Zero   RW          714    .bss                ble_advertising.o
    0x200025d4   0x00000020   Zero   RW          715    .bss                ble_advertising.o
    0x200025f4   0x00000020   Zero   RW          802    .bss                ble_conn_params.o
    0x20002614   0x0000001c   Zero   RW          803    .bss                ble_conn_params.o
    0x20002630   0x00000014   Zero   RW          980    .bss                nrf_drv_clock.o
    0x20002644   0x00000048   Zero   RW         1202    .bss                nrf_drv_gpiote.o
    0x2000268c   0x0000001c   Zero   RW         1411    .bss                nrf_drv_uart.o
    0x200026a8   0x00000020   Zero   RW         1568    .bss                app_button.o
    0x200026c8   0x00000020   Zero   RW         1626    .bss                app_error.o
    0x200026e8   0x00000020   Zero   RW         1905    .bss                app_uart_fifo.o
    0x20002708   0x00000068   Zero   RW         2020    .bss                fstorage.o
    0x20002770   0x00000800   Zero   RW         2502    STACK               arm_startup_nrf51.o


==============================================================================

Image component sizes


      Code (inc. data)   RO Data    RW Data    ZI Data      Debug   Object Name

       328         34          8         20         32       8818   app_button.o
       128         16          0          0         32       3878   app_error.o
         8          0          0          0          0        610   app_error_weak.o
       122          0          0          0          0       4670   app_fifo.o
      1672        216          0         32          0      42739   app_timer.o
       528        104         32         16         32      10202   app_uart_fifo.o
       104         20          0         12          0       6298   app_util_platform.o
        56         18        192          0       2048        696   arm_startup_nrf51.o
      1368          6          0          0          0      30212   ble_advdata.o
      1060         72          0         48        427      11012   ble_advertising.o
       460         60          4         20         60       5376   ble_conn_params.o
       566         12         16          0          0       5410   ble_nus.o
        14          0          0          0          0       1358   ble_srv_common.o
       324         58          8          0          0      12164   boards.o
       914         86         44         20        108      13779   bsp.o
       278         12          0          8          0       4657   bsp_btn_ble.o
        24          6          0          0        104       3712   fstorage.o
      1604        300         45          4        752     112811   main.o
       276         38          0          0         20      11676   nrf_drv_clock.o
        96         18          0          0          0       7300   nrf_drv_common.o
      1154        100          4          0         72      27468   nrf_drv_gpiote.o
      1338         52          0          0         28      29366   nrf_drv_uart.o
        14          0          0          4          0       2774   retarget.o
       532         76         87         20          0      20983   softdevice_handler.o
       232         36          0          4          0       2287   system_nrf51.o
       172         46          0          0         50       1966   user_common_func.o

    ----------------------------------------------------------------------
     13396       1386        476        208       3768     382222   Object Totals
         0          0         32          0          0          0   (incl. Generated)
        24          0          4          0          3          0   (incl. Padding)

    ----------------------------------------------------------------------

      Code (inc. data)   RO Data    RW Data    ZI Data      Debug   Library Member Name

         0          0          0          0          0          0   entry.o
         0          0          0          0          0          0   entry10a.o
         0          0          0          0          0          0   entry11a.o
         8          4          0          0          0          0   entry2.o
         4          0          0          0          0          0   entry5.o
         0          0          0          0          0          0   entry7b.o
         0          0          0          0          0          0   entry8b.o
         8          4          0          0          0          0   entry9a.o
        30          0          0          0          0          0   handlers.o
        36          8          0          0          0         68   init.o
        36          0          0          0          0         60   memcpya.o
        36          0          0          0          0        100   memseta.o
        50          8          0          0          0        144   printfb.o
        14          0          0          0          0         60   strlen.o
        44          0          0          0          0         72   uidiv.o

    ----------------------------------------------------------------------
       268         24          0          0          0        504   Library Totals
         2          0          0          0          0          0   (incl. Padding)

    ----------------------------------------------------------------------

      Code (inc. data)   RO Data    RW Data    ZI Data      Debug   Library Name

       266         24          0          0          0        504   mc_p.l

    ----------------------------------------------------------------------
       268         24          0          0          0        504   Library Totals

    ----------------------------------------------------------------------

==============================================================================


      Code (inc. data)   RO Data    RW Data    ZI Data      Debug   

     13664       1410        476        208       3768     375486   Grand Totals
     13664       1410        476        208       3768     375486   ELF Image Totals
     13664       1410        476        208          0          0   ROM Totals

==============================================================================

    Total RO  Size (Code + RO Data)                14140 (  13.81kB)
    Total RW  Size (RW Data + ZI Data)              3976 (   3.88kB)
    Total ROM Size (Code + RO Data + RW Data)      14348 (  14.01kB)

==============================================================================

