<html>
<body>
<pre>
<h1>µVision Build Log</h1>
<h2>Tool Versions:</h2>
IDE-Version: ¦ÌVision V5.15
Copyright (C) 2015 ARM Ltd and ARM Germany GmbH. All rights reserved.
License Information: dtu dtu idt Flex license: MDK-ARM Standard: 9 user(s) (mdk_std) Support: Jul 2016
 
Tool Versions:
Toolchain:       MDK-ARM Standard: 9 user(s)  Version: 5.15.0
Toolchain Path:  C:\Keil_v5\ARM\ARMCC\Bin
C Compiler:      Armcc.exe V5.05 update 2 (build 169)
Assembler:       Armasm.exe V5.05 update 2 (build 169)
Linker/Locator:  ArmLink.exe V5.05 update 2 (build 169)
Library Manager: ArmAr.exe V5.05 update 2 (build 169)
Hex Converter:   FromElf.exe V5.05 update 2 (build 169)
CPU DLL:         
Dialog DLL:      
Target DLL:      Segger\JL2CM3.dll V2.99.15.0
Dialog DLL:      TARMCM1.DLL V1.9.0.0
 
<h2>Project:</h2>
D:\51822_Slave\nRF5_SDK_12.3.0_d7731ad\examples\ble_peripheral\ble_app_uart\pca10028\s130\arm5_no_packs\ble_app_uart_pca10028_s130.uvprojx
Project File Date:  03/13/2018

<h2>Output:</h2>
*** Using Compiler 'V5.05 update 2 (build 169)', folder: 'C:\Keil_v5\ARM\ARMCC\Bin'
Build target 'nrf51422_xxac'
compiling main.c...
compiling boards.c...
compiling bsp.c...
compiling bsp_btn_ble.c...
compiling bsp_nfc.c...
compiling ble_advdata.c...
compiling ble_advertising.c...
compiling ble_conn_params.c...
compiling ble_srv_common.c...
compiling ble_nus.c...
compiling nrf_drv_clock.c...
compiling nrf_drv_common.c...
compiling nrf_drv_gpiote.c...
compiling nrf_drv_uart.c...
compiling app_button.c...
compiling app_error.c...
compiling app_error_weak.c...
compiling app_fifo.c...
compiling app_timer.c...
compiling app_uart_fifo.c...
compiling app_util_platform.c...
compiling fstorage.c...
compiling hardfault_implementation.c...
compiling nrf_assert.c...
compiling retarget.c...
compiling sdk_errors.c...
compiling nrf_log_backend_serial.c...
compiling nrf_log_frontend.c...
compiling RTT_Syscalls_KEIL.c...
compiling SEGGER_RTT.c...
compiling SEGGER_RTT_printf.c...
compiling softdevice_handler.c...
assembling arm_startup_nrf51.s...
compiling system_nrf51.c...
linking...
Program Size: Code=12724 RO-data=368 RW-data=212 ZI-data=3684  
FromELF: creating hex file...
".\_build\nrf51422_xxac.axf" - 0 Error(s), 0 Warning(s).

<h2>Software Packages used:</h2>

Package Vendor: ARM
                http://www.keil.com/pack/ARM.CMSIS.4.5.0.pack
                ARM::CMSIS:CORE:4.3.0
                CMSIS (Cortex Microcontroller Software Interface Standard)
   * Component: CORE Version: 4.3.0

Package Vendor: NordicSemiconductor
                http://developer.nordicsemi.com/nRF5_SDK/pieces/nRF_DeviceFamilyPack/NordicSemiconductor.nRF_DeviceFamilyPack.8.11.1.pack
                NordicSemiconductor::Device:Startup:8.11.1
                Nordic Semiconductor nRF ARM devices Device Family Pack.
   * Component: Startup Version: 8.11.1

<h2>Collection of Component include folders:</h2>
  D:\51822_Slave\nRF5_SDK_12.3.0_d7731ad\examples\ble_peripheral\ble_app_uart\pca10028\s130\arm5_no_packs\RTE
  C:\Keil_v5\ARM\PACK\ARM\CMSIS\4.5.0\CMSIS\Include
  C:\Keil_v5\ARM\PACK\NordicSemiconductor\nRF_DeviceFamilyPack\8.11.1\Device\Include
  C:\Keil_v5\ARM\PACK\NordicSemiconductor\nRF_DeviceFamilyPack\8.15.2\Device\Include

<h2>Collection of Component Files used:</h2>

   * Component: ARM::CMSIS:CORE:4.3.0

   * Component: NordicSemiconductor::Device:Startup:8.11.1
      Source file:   Device\Source\arm\arm_startup_nrf51.s
      Source file:   Device\Source\system_nrf51.c
      Include file:  Device\Include\system_nrf51.h
</pre>
</body>
</html>
